******************************************************************************
                  TI ARM Linker PC v20.2.2                     
******************************************************************************
>> Linked Thu Mar 18 12:28:28 2021

OUTPUT FILE NAME:   <blinkled_msp432p401r_MSP_EXP432P401R_nortos_ccs.out>
ENTRY POINT SYMBOL: "_c_int00_noinit_noargs"  address: 00000269


MEMORY CONFIGURATION

         name            origin    length      used     unused   attr    fill
----------------------  --------  ---------  --------  --------  ----  --------
  MAIN                  00000000   00040000  000002b6  0003fd4a  R  X
  INFO                  00200000   00004000  00000000  00004000  R  X
  SRAM_CODE             01000000   00010000  00000200  0000fe00  RW X
  SRAM_DATA             20000000   00010000  00000200  0000fe00  RW  


SEGMENT ALLOCATION MAP

run origin  load origin   length   init length attrs members
----------  ----------- ---------- ----------- ----- -------
00000000    00000000    000002b6   000002b6    r-x
  00000000    00000000    000000e4   000000e4    r-- .intvecs
  000000e4    000000e4    000001d2   000001d2    r-x .text
2000fe00    2000fe00    00000200   00000000    rw-
  2000fe00    2000fe00    00000200   00000000    rw- .stack


SECTION ALLOCATION MAP

 output                                  attributes/
section   page    origin      length       input sections
--------  ----  ----------  ----------   ----------------
.intvecs   0    00000000    000000e4     
                  00000000    000000e4     startup_msp432p401r_ccs.obj (.intvecs:retain)

.text      0    000000e4    000001d2     
                  000000e4    0000008c     ports.obj (.text:Init_Port_2)
                  00000170    00000078     system_msp432p401r.obj (.text:SystemInit)
                  000001e8    00000044     main.obj (.text:main)
                  0000022c    0000003c     ports.obj (.text:Init_Port_1)
                  00000268    0000002c     rtsv7M4_T_le_v4SPD16_eabi.lib : boot_cortex_m.c.obj (.text:_c_int00_noinit_noargs:_c_int00_noinit_noargs)
                  00000294    0000000c     ports.obj (.text:Init_Ports)
                  000002a0    0000000c     startup_msp432p401r_ccs.obj (.text:Reset_Handler)
                  000002ac    00000004     rtsv7M4_T_le_v4SPD16_eabi.lib : pre_init.c.obj (.text:_system_pre_init)
                  000002b0    00000004                                   : exit.c.obj (.text:abort:abort)
                  000002b4    00000002     startup_msp432p401r_ccs.obj (.text:Default_Handler)

.cinit     0    00000000    00000000     UNINITIALIZED

.init_array 
*          0    00000000    00000000     UNINITIALIZED

.binit     0    00000000    00000000     

.stack     0    2000fe00    00000200     UNINITIALIZED
                  2000fe00    00000004     rtsv7M4_T_le_v4SPD16_eabi.lib : boot_cortex_m.c.obj (.stack)
                  2000fe04    000001fc     --HOLE--

__llvm_prf_cnts 
*          0    20000000    00000000     UNINITIALIZED

MODULE SUMMARY

       Module                        code   ro data   rw data
       ------                        ----   -------   -------
    .\
       ports.obj                     212    0         0      
       system_msp432p401r.obj        120    0         0      
       main.obj                      68     0         0      
    +--+-----------------------------+------+---------+---------+
       Total:                        400    0         0      
                                                             
    .\ccs\
       startup_msp432p401r_ccs.obj   14     228       0      
    +--+-----------------------------+------+---------+---------+
       Total:                        14     228       0      
                                                             
    C:\ti\ccs1020\ccs\tools\compiler\ti-cgt-arm_20.2.2.LTS\lib\rtsv7M4_T_le_v4SPD16_eabi.lib
       boot_cortex_m.c.obj           44     0         0      
       exit.c.obj                    4      0         0      
       pre_init.c.obj                4      0         0      
    +--+-----------------------------+------+---------+---------+
       Total:                        52     0         0      
                                                             
       Stack:                        0      0         1024   
    +--+-----------------------------+------+---------+---------+
       Grand Total:                  466    228       1024   


GLOBAL SYMBOLS: SORTED ALPHABETICALLY BY Name 

address   name                   
-------   ----                   
000002b5  ADC14_IRQHandler       
000002b5  AES256_IRQHandler      
000002b5  BusFault_Handler       
000002b1  C$$EXIT                
000002b5  COMP_E0_IRQHandler     
000002b5  COMP_E1_IRQHandler     
000002b5  CS_IRQHandler          
000002b5  DMA_ERR_IRQHandler     
000002b5  DMA_INT0_IRQHandler    
000002b5  DMA_INT1_IRQHandler    
000002b5  DMA_INT2_IRQHandler    
000002b5  DMA_INT3_IRQHandler    
000002b5  DebugMon_Handler       
000002b5  Default_Handler        
000002b5  EUSCIA0_IRQHandler     
000002b5  EUSCIA1_IRQHandler     
000002b5  EUSCIA2_IRQHandler     
000002b5  EUSCIA3_IRQHandler     
000002b5  EUSCIB0_IRQHandler     
000002b5  EUSCIB1_IRQHandler     
000002b5  EUSCIB2_IRQHandler     
000002b5  EUSCIB3_IRQHandler     
000002b5  FLCTL_IRQHandler       
000002b5  FPU_IRQHandler         
000002b5  HardFault_Handler      
0000022d  Init_Port_1            
000000e5  Init_Port_2            
00000295  Init_Ports             
000002b5  MemManage_Handler      
000002b5  NMI_Handler            
000002b5  PCM_IRQHandler         
000002b5  PORT1_IRQHandler       
000002b5  PORT2_IRQHandler       
000002b5  PORT3_IRQHandler       
000002b5  PORT4_IRQHandler       
000002b5  PORT5_IRQHandler       
000002b5  PORT6_IRQHandler       
000002b5  PSS_IRQHandler         
000002b5  PendSV_Handler         
000002b5  RTC_C_IRQHandler       
000002a1  Reset_Handler          
000002b5  SVC_Handler            
000002b5  SysTick_Handler        
00000171  SystemInit             
000002b5  T32_INT1_IRQHandler    
000002b5  T32_INT2_IRQHandler    
000002b5  T32_INTC_IRQHandler    
000002b5  TA0_0_IRQHandler       
000002b5  TA0_N_IRQHandler       
000002b5  TA1_0_IRQHandler       
000002b5  TA1_N_IRQHandler       
000002b5  TA2_0_IRQHandler       
000002b5  TA2_N_IRQHandler       
000002b5  TA3_0_IRQHandler       
000002b5  TA3_N_IRQHandler       
000002b5  UsageFault_Handler     
4000480c  WDTCTL_SYM             
000002b5  WDT_A_IRQHandler       
20010000  __STACK_END            
00000200  __STACK_SIZE           
ffffffff  __TI_pprof_out_hndl    
ffffffff  __TI_prof_data_size    
ffffffff  __TI_prof_data_start   
00000000  __TI_static_base__     
ffffffff  __binit__              
ffffffff  __c_args__             
UNDEFED   __mpu_init             
2000fe00  __stack                
20000000  __start___llvm_prf_cnts
20000000  __stop___llvm_prf_cnts 
00000269  _c_int00_noinit_noargs 
000002ad  _system_pre_init       
000002b1  abort                  
ffffffff  binit                  
00000000  interruptVectors       
000001e9  main                   


GLOBAL SYMBOLS: SORTED BY Symbol Address 

address   name                   
-------   ----                   
00000000  __TI_static_base__     
00000000  interruptVectors       
000000e5  Init_Port_2            
00000171  SystemInit             
000001e9  main                   
00000200  __STACK_SIZE           
0000022d  Init_Port_1            
00000269  _c_int00_noinit_noargs 
00000295  Init_Ports             
000002a1  Reset_Handler          
000002ad  _system_pre_init       
000002b1  C$$EXIT                
000002b1  abort                  
000002b5  ADC14_IRQHandler       
000002b5  AES256_IRQHandler      
000002b5  BusFault_Handler       
000002b5  COMP_E0_IRQHandler     
000002b5  COMP_E1_IRQHandler     
000002b5  CS_IRQHandler          
000002b5  DMA_ERR_IRQHandler     
000002b5  DMA_INT0_IRQHandler    
000002b5  DMA_INT1_IRQHandler    
000002b5  DMA_INT2_IRQHandler    
000002b5  DMA_INT3_IRQHandler    
000002b5  DebugMon_Handler       
000002b5  Default_Handler        
000002b5  EUSCIA0_IRQHandler     
000002b5  EUSCIA1_IRQHandler     
000002b5  EUSCIA2_IRQHandler     
000002b5  EUSCIA3_IRQHandler     
000002b5  EUSCIB0_IRQHandler     
000002b5  EUSCIB1_IRQHandler     
000002b5  EUSCIB2_IRQHandler     
000002b5  EUSCIB3_IRQHandler     
000002b5  FLCTL_IRQHandler       
000002b5  FPU_IRQHandler         
000002b5  HardFault_Handler      
000002b5  MemManage_Handler      
000002b5  NMI_Handler            
000002b5  PCM_IRQHandler         
000002b5  PORT1_IRQHandler       
000002b5  PORT2_IRQHandler       
000002b5  PORT3_IRQHandler       
000002b5  PORT4_IRQHandler       
000002b5  PORT5_IRQHandler       
000002b5  PORT6_IRQHandler       
000002b5  PSS_IRQHandler         
000002b5  PendSV_Handler         
000002b5  RTC_C_IRQHandler       
000002b5  SVC_Handler            
000002b5  SysTick_Handler        
000002b5  T32_INT1_IRQHandler    
000002b5  T32_INT2_IRQHandler    
000002b5  T32_INTC_IRQHandler    
000002b5  TA0_0_IRQHandler       
000002b5  TA0_N_IRQHandler       
000002b5  TA1_0_IRQHandler       
000002b5  TA1_N_IRQHandler       
000002b5  TA2_0_IRQHandler       
000002b5  TA2_N_IRQHandler       
000002b5  TA3_0_IRQHandler       
000002b5  TA3_N_IRQHandler       
000002b5  UsageFault_Handler     
000002b5  WDT_A_IRQHandler       
20000000  __start___llvm_prf_cnts
20000000  __stop___llvm_prf_cnts 
2000fe00  __stack                
20010000  __STACK_END            
4000480c  WDTCTL_SYM             
ffffffff  __TI_pprof_out_hndl    
ffffffff  __TI_prof_data_size    
ffffffff  __TI_prof_data_start   
ffffffff  __binit__              
ffffffff  __c_args__             
ffffffff  binit                  
UNDEFED   __mpu_init             

[76 symbols]
