<?xml version="1.0" encoding="ISO-8859-1" ?>
<link_info>
   <banner>TI ARM Linker PC v20.2.5.LTS</banner>
   <copyright>Copyright (c) 1996-2018 Texas Instruments Incorporated</copyright>
   <link_time>0x61a51762</link_time>
   <link_errors>0x0</link_errors>
   <output_file>ti_hub_daq.out</output_file>
   <entry_point>
      <name>_c_int00_noargs</name>
      <address>0x2101</address>
   </entry_point>
   <input_file_list>
      <input_file id="fl-2">
         <path>.\</path>
         <kind>object</kind>
         <file>adc.obj</file>
         <name>adc.obj</name>
      </input_file>
      <input_file id="fl-3">
         <path>.\</path>
         <kind>object</kind>
         <file>dma_ti82.obj</file>
         <name>dma_ti82.obj</name>
      </input_file>
      <input_file id="fl-4">
         <path>.\</path>
         <kind>object</kind>
         <file>fungen.obj</file>
         <name>fungen.obj</name>
      </input_file>
      <input_file id="fl-5">
         <path>.\</path>
         <kind>object</kind>
         <file>i2c_ti82.obj</file>
         <name>i2c_ti82.obj</name>
      </input_file>
      <input_file id="fl-6">
         <path>.\</path>
         <kind>object</kind>
         <file>interrupts.obj</file>
         <name>interrupts.obj</name>
      </input_file>
      <input_file id="fl-7">
         <path>.\</path>
         <kind>object</kind>
         <file>logizer.obj</file>
         <name>logizer.obj</name>
      </input_file>
      <input_file id="fl-8">
         <path>.\</path>
         <kind>object</kind>
         <file>main.obj</file>
         <name>main.obj</name>
      </input_file>
      <input_file id="fl-9">
         <path>.\</path>
         <kind>object</kind>
         <file>multimeter.obj</file>
         <name>multimeter.obj</name>
      </input_file>
      <input_file id="fl-a">
         <path>.\</path>
         <kind>object</kind>
         <file>ports.obj</file>
         <name>ports.obj</name>
      </input_file>
      <input_file id="fl-b">
         <path>.\</path>
         <kind>object</kind>
         <file>system_msp432p401r.obj</file>
         <name>system_msp432p401r.obj</name>
      </input_file>
      <input_file id="fl-c">
         <path>.\</path>
         <kind>object</kind>
         <file>timers.obj</file>
         <name>timers.obj</name>
      </input_file>
      <input_file id="fl-d">
         <path>.\</path>
         <kind>object</kind>
         <file>uart_ti82.obj</file>
         <name>uart_ti82.obj</name>
      </input_file>
      <input_file id="fl-e">
         <path>.\ccs\</path>
         <kind>object</kind>
         <file>startup_msp432p401r_ccs.obj</file>
         <name>startup_msp432p401r_ccs.obj</name>
      </input_file>
      <input_file id="fl-18">
         <kind>object</kind>
         <file>&lt;internal&gt;</file>
         <name>&lt;internal&gt;</name>
      </input_file>
      <input_file id="fl-19">
         <path>C:\ti\simplelink_msp432p4_sdk_3_40_01_02\source\ti\devices\msp432p4xx\driverlib\ccs\</path>
         <kind>archive</kind>
         <file>msp432p4xx_driverlib.lib</file>
         <name>dma.o</name>
      </input_file>
      <input_file id="fl-1a">
         <path>C:\ti\simplelink_msp432p4_sdk_3_40_01_02\source\ti\devices\msp432p4xx\driverlib\ccs\</path>
         <kind>archive</kind>
         <file>msp432p4xx_driverlib.lib</file>
         <name>interrupt.o</name>
      </input_file>
      <input_file id="fl-1b">
         <path>C:\ti\simplelink_msp432p4_sdk_3_40_01_02\source\ti\devices\msp432p4xx\driverlib\ccs\</path>
         <kind>archive</kind>
         <file>msp432p4xx_driverlib.lib</file>
         <name>uart.o</name>
      </input_file>
      <input_file id="fl-1c">
         <path>C:\ti\simplelink_msp432p4_sdk_3_40_01_02\source\ti\devices\msp432p4xx\driverlib\ccs\</path>
         <kind>archive</kind>
         <file>msp432p4xx_driverlib.lib</file>
         <name>cpu.o</name>
      </input_file>
      <input_file id="fl-d2">
         <path>C:\ti\ccs1040\ccs\tools\compiler\ti-cgt-arm_20.2.5.LTS\lib\</path>
         <kind>archive</kind>
         <file>rtsv7M4_T_le_v4SPD16_eabi.lib</file>
         <name>fd_mul_t2.asm.obj</name>
      </input_file>
      <input_file id="fl-d3">
         <path>C:\ti\ccs1040\ccs\tools\compiler\ti-cgt-arm_20.2.5.LTS\lib\</path>
         <kind>archive</kind>
         <file>rtsv7M4_T_le_v4SPD16_eabi.lib</file>
         <name>fd_tos_t2.asm.obj</name>
      </input_file>
      <input_file id="fl-d4">
         <path>C:\ti\ccs1040\ccs\tools\compiler\ti-cgt-arm_20.2.5.LTS\lib\</path>
         <kind>archive</kind>
         <file>rtsv7M4_T_le_v4SPD16_eabi.lib</file>
         <name>u_tofd_t2.asm.obj</name>
      </input_file>
      <input_file id="fl-d5">
         <path>C:\ti\ccs1040\ccs\tools\compiler\ti-cgt-arm_20.2.5.LTS\lib\</path>
         <kind>archive</kind>
         <file>rtsv7M4_T_le_v4SPD16_eabi.lib</file>
         <name>memset_t2.asm.obj</name>
      </input_file>
      <input_file id="fl-d6">
         <path>C:\ti\ccs1040\ccs\tools\compiler\ti-cgt-arm_20.2.5.LTS\lib\</path>
         <kind>archive</kind>
         <file>rtsv7M4_T_le_v4SPD16_eabi.lib</file>
         <name>copy_zero_init.c.obj</name>
      </input_file>
      <input_file id="fl-d7">
         <path>C:\ti\ccs1040\ccs\tools\compiler\ti-cgt-arm_20.2.5.LTS\lib\</path>
         <kind>archive</kind>
         <file>rtsv7M4_T_le_v4SPD16_eabi.lib</file>
         <name>copy_decompress_none.c.obj</name>
      </input_file>
      <input_file id="fl-d8">
         <path>C:\ti\ccs1040\ccs\tools\compiler\ti-cgt-arm_20.2.5.LTS\lib\</path>
         <kind>archive</kind>
         <file>rtsv7M4_T_le_v4SPD16_eabi.lib</file>
         <name>copy_decompress_lzss.c.obj</name>
      </input_file>
      <input_file id="fl-d9">
         <path>C:\ti\ccs1040\ccs\tools\compiler\ti-cgt-arm_20.2.5.LTS\lib\</path>
         <kind>archive</kind>
         <file>rtsv7M4_T_le_v4SPD16_eabi.lib</file>
         <name>strstr.c.obj</name>
      </input_file>
      <input_file id="fl-da">
         <path>C:\ti\ccs1040\ccs\tools\compiler\ti-cgt-arm_20.2.5.LTS\lib\</path>
         <kind>archive</kind>
         <file>rtsv7M4_T_le_v4SPD16_eabi.lib</file>
         <name>boot_cortex_m.c.obj</name>
      </input_file>
      <input_file id="fl-db">
         <path>C:\ti\ccs1040\ccs\tools\compiler\ti-cgt-arm_20.2.5.LTS\lib\</path>
         <kind>archive</kind>
         <file>rtsv7M4_T_le_v4SPD16_eabi.lib</file>
         <name>memcpy_t2.asm.obj</name>
      </input_file>
      <input_file id="fl-dc">
         <path>C:\ti\ccs1040\ccs\tools\compiler\ti-cgt-arm_20.2.5.LTS\lib\</path>
         <kind>archive</kind>
         <file>rtsv7M4_T_le_v4SPD16_eabi.lib</file>
         <name>autoinit.c.obj</name>
      </input_file>
      <input_file id="fl-dd">
         <path>C:\ti\ccs1040\ccs\tools\compiler\ti-cgt-arm_20.2.5.LTS\lib\</path>
         <kind>archive</kind>
         <file>rtsv7M4_T_le_v4SPD16_eabi.lib</file>
         <name>pre_init.c.obj</name>
      </input_file>
      <input_file id="fl-de">
         <path>C:\ti\ccs1040\ccs\tools\compiler\ti-cgt-arm_20.2.5.LTS\lib\</path>
         <kind>archive</kind>
         <file>rtsv7M4_T_le_v4SPD16_eabi.lib</file>
         <name>cpy_tbl.c.obj</name>
      </input_file>
      <input_file id="fl-df">
         <path>C:\ti\ccs1040\ccs\tools\compiler\ti-cgt-arm_20.2.5.LTS\lib\</path>
         <kind>archive</kind>
         <file>rtsv7M4_T_le_v4SPD16_eabi.lib</file>
         <name>exit.c.obj</name>
      </input_file>
      <input_file id="fl-e0">
         <path>C:\ti\ccs1040\ccs\tools\compiler\ti-cgt-arm_20.2.5.LTS\lib\</path>
         <kind>archive</kind>
         <file>rtsv7M4_T_le_v4SPD16_eabi.lib</file>
         <name>_lock.c.obj</name>
      </input_file>
      <input_file id="fl-e1">
         <path>C:\ti\ccs1040\ccs\tools\compiler\ti-cgt-arm_20.2.5.LTS\lib\</path>
         <kind>archive</kind>
         <file>rtsv7M4_T_le_v4SPD16_eabi.lib</file>
         <name>args_main.c.obj</name>
      </input_file>
   </input_file_list>
   <object_component_list>
      <object_component id="oc-26">
         <name>.intvecs:retain</name>
         <load_address>0x0</load_address>
         <run_address>0x0</run_address>
         <size>0xe4</size>
         <input_file_ref idref="fl-e"/>
      </object_component>
      <object_component id="oc-1d1">
         <name>.text:Update_Signal_Array</name>
         <load_address>0xe4</load_address>
         <run_address>0xe4</run_address>
         <size>0x370</size>
         <input_file_ref idref="fl-4"/>
      </object_component>
      <object_component id="oc-3ab">
         <name>.text:DMA_assignChannel</name>
         <load_address>0x454</load_address>
         <run_address>0x454</run_address>
         <size>0x210</size>
         <input_file_ref idref="fl-19"/>
      </object_component>
      <object_component id="oc-28b">
         <name>.text:Init_Port_1</name>
         <load_address>0x664</load_address>
         <run_address>0x664</run_address>
         <size>0x1a8</size>
         <input_file_ref idref="fl-a"/>
      </object_component>
      <object_component id="oc-e1">
         <name>.text:main</name>
         <load_address>0x80c</load_address>
         <run_address>0x80c</run_address>
         <size>0x15a</size>
         <input_file_ref idref="fl-8"/>
      </object_component>
      <object_component id="oc-97">
         <name>.text:ADC14_IRQHandler</name>
         <load_address>0x966</load_address>
         <run_address>0x966</run_address>
         <size>0x2</size>
         <input_file_ref idref="fl-2"/>
      </object_component>
      <object_component id="oc-91">
         <name>.text:EUSCIB1_IRQHandler</name>
         <load_address>0x968</load_address>
         <run_address>0x968</run_address>
         <size>0x144</size>
         <input_file_ref idref="fl-5"/>
      </object_component>
      <object_component id="oc-1e9">
         <name>.text:Multimeter_Process</name>
         <load_address>0xaac</load_address>
         <run_address>0xaac</run_address>
         <size>0x11c</size>
         <input_file_ref idref="fl-9"/>
      </object_component>
      <object_component id="oc-235">
         <name>.text:I2C1_TX_RX</name>
         <load_address>0xbc8</load_address>
         <run_address>0xbc8</run_address>
         <size>0x118</size>
         <input_file_ref idref="fl-5"/>
      </object_component>
      <object_component id="oc-af">
         <name>.text:DMA_INT0_IRQHandler</name>
         <load_address>0xce0</load_address>
         <run_address>0xce0</run_address>
         <size>0x110</size>
         <input_file_ref idref="fl-3"/>
      </object_component>
      <object_component id="oc-1ef">
         <name>.text:UpdateLA</name>
         <load_address>0xdf0</load_address>
         <run_address>0xdf0</run_address>
         <size>0x104</size>
         <input_file_ref idref="fl-7"/>
      </object_component>
      <object_component id="oc-329">
         <name>.text</name>
         <load_address>0xef4</load_address>
         <run_address>0xef4</run_address>
         <size>0xfc</size>
         <input_file_ref idref="fl-d2"/>
      </object_component>
      <object_component id="oc-147">
         <name>.text:DMA_setChannelTransfer</name>
         <load_address>0xff0</load_address>
         <run_address>0xff0</run_address>
         <size>0xf0</size>
         <input_file_ref idref="fl-19"/>
      </object_component>
      <object_component id="oc-291">
         <name>.text:Init_Port_2</name>
         <load_address>0x10e0</load_address>
         <run_address>0x10e0</run_address>
         <size>0xe8</size>
         <input_file_ref idref="fl-a"/>
      </object_component>
      <object_component id="oc-2a3">
         <name>.text:Init_Port_5</name>
         <load_address>0x11c8</load_address>
         <run_address>0x11c8</run_address>
         <size>0xc4</size>
         <input_file_ref idref="fl-a"/>
      </object_component>
      <object_component id="oc-85">
         <name>.text:EUSCIA0_IRQHandler</name>
         <load_address>0x128c</load_address>
         <run_address>0x128c</run_address>
         <size>0xbc</size>
         <input_file_ref idref="fl-d"/>
      </object_component>
      <object_component id="oc-177">
         <name>.text:Init_UART0</name>
         <load_address>0x1348</load_address>
         <run_address>0x1348</run_address>
         <size>0xbc</size>
         <input_file_ref idref="fl-d"/>
      </object_component>
      <object_component id="oc-8b">
         <name>.text:EUSCIA2_IRQHandler</name>
         <load_address>0x1404</load_address>
         <run_address>0x1404</run_address>
         <size>0xb4</size>
         <input_file_ref idref="fl-d"/>
      </object_component>
      <object_component id="oc-17d">
         <name>.text:Init_UART2</name>
         <load_address>0x14b8</load_address>
         <run_address>0x14b8</run_address>
         <size>0xac</size>
         <input_file_ref idref="fl-d"/>
      </object_component>
      <object_component id="oc-342">
         <name>.text:Read_Multimeter_Value</name>
         <load_address>0x1564</load_address>
         <run_address>0x1564</run_address>
         <size>0xac</size>
         <input_file_ref idref="fl-9"/>
      </object_component>
      <object_component id="oc-37">
         <name>.text</name>
         <load_address>0x1610</load_address>
         <run_address>0x1610</run_address>
         <size>0x9c</size>
         <input_file_ref idref="fl-db"/>
      </object_component>
      <object_component id="oc-fb">
         <name>.text:FunGen_Process</name>
         <load_address>0x16ac</load_address>
         <run_address>0x16ac</run_address>
         <size>0x98</size>
         <input_file_ref idref="fl-4"/>
      </object_component>
      <object_component id="oc-1a7">
         <name>.text:Init_Interrupts</name>
         <load_address>0x1744</load_address>
         <run_address>0x1744</run_address>
         <size>0x90</size>
         <input_file_ref idref="fl-6"/>
      </object_component>
      <object_component id="oc-183">
         <name>.text:Init_I2C</name>
         <load_address>0x17d4</load_address>
         <run_address>0x17d4</run_address>
         <size>0x88</size>
         <input_file_ref idref="fl-5"/>
      </object_component>
      <object_component id="oc-d5">
         <name>.text</name>
         <load_address>0x185c</load_address>
         <run_address>0x185c</run_address>
         <size>0x7a</size>
         <input_file_ref idref="fl-d5"/>
      </object_component>
      <object_component id="oc-9d">
         <name>.text:DMA_INT3_IRQHandler</name>
         <load_address>0x18d6</load_address>
         <run_address>0x18d6</run_address>
         <size>0x2</size>
         <input_file_ref idref="fl-3"/>
      </object_component>
      <object_component id="oc-2c9">
         <name>.text:Init_DMA_CH2</name>
         <load_address>0x18d8</load_address>
         <run_address>0x18d8</run_address>
         <size>0x78</size>
         <input_file_ref idref="fl-3"/>
      </object_component>
      <object_component id="oc-2cf">
         <name>.text:Init_DMA_CH3</name>
         <load_address>0x1950</load_address>
         <run_address>0x1950</run_address>
         <size>0x78</size>
         <input_file_ref idref="fl-3"/>
      </object_component>
      <object_component id="oc-f3">
         <name>.text:SystemInit</name>
         <load_address>0x19c8</load_address>
         <run_address>0x19c8</run_address>
         <size>0x78</size>
         <input_file_ref idref="fl-b"/>
      </object_component>
      <object_component id="oc-1dd">
         <name>.text:Dma_Ch2_ADC_Ch6_Get_Data</name>
         <load_address>0x1a40</load_address>
         <run_address>0x1a40</run_address>
         <size>0x70</size>
         <input_file_ref idref="fl-3"/>
      </object_component>
      <object_component id="oc-1e3">
         <name>.text:Dma_Ch3_ADC_Ch8_Get_Data</name>
         <load_address>0x1ab0</load_address>
         <run_address>0x1ab0</run_address>
         <size>0x70</size>
         <input_file_ref idref="fl-3"/>
      </object_component>
      <object_component id="oc-270">
         <name>.text:Dma_Ch5_RX2_Ready</name>
         <load_address>0x1b20</load_address>
         <run_address>0x1b20</run_address>
         <size>0x70</size>
         <input_file_ref idref="fl-3"/>
      </object_component>
      <object_component id="oc-297">
         <name>.text:Init_Port_3</name>
         <load_address>0x1b90</load_address>
         <run_address>0x1b90</run_address>
         <size>0x70</size>
         <input_file_ref idref="fl-a"/>
      </object_component>
      <object_component id="oc-13b">
         <name>.text:RX2_Command</name>
         <load_address>0x1c00</load_address>
         <run_address>0x1c00</run_address>
         <size>0x70</size>
         <input_file_ref idref="fl-d"/>
      </object_component>
      <object_component id="oc-32e">
         <name>.text</name>
         <load_address>0x1c70</load_address>
         <run_address>0x1c70</run_address>
         <size>0x6e</size>
         <input_file_ref idref="fl-d3"/>
      </object_component>
      <object_component id="oc-17">
         <name>.text:decompress:lzss:__TI_decompress_lzss</name>
         <load_address>0x1cde</load_address>
         <run_address>0x1cde</run_address>
         <size>0x68</size>
         <input_file_ref idref="fl-d8"/>
      </object_component>
      <object_component id="oc-6d">
         <name>.text:Default_Handler</name>
         <load_address>0x1d46</load_address>
         <run_address>0x1d46</run_address>
         <size>0x2</size>
         <input_file_ref idref="fl-e"/>
      </object_component>
      <object_component id="oc-79">
         <name>.text:TA0_N_IRQHandler</name>
         <load_address>0x1d48</load_address>
         <run_address>0x1d48</run_address>
         <size>0x64</size>
         <input_file_ref idref="fl-c"/>
      </object_component>
      <object_component id="oc-2db">
         <name>.text:Init_DMA_CH5</name>
         <load_address>0x1dac</load_address>
         <run_address>0x1dac</run_address>
         <size>0x54</size>
         <input_file_ref idref="fl-3"/>
      </object_component>
      <object_component id="oc-1a1">
         <name>.text:Init_FunGen</name>
         <load_address>0x1e00</load_address>
         <run_address>0x1e00</run_address>
         <size>0x54</size>
         <input_file_ref idref="fl-4"/>
      </object_component>
      <object_component id="oc-124">
         <name>.text:Dma_Ch4_Uart2_Send_String</name>
         <load_address>0x1e54</load_address>
         <run_address>0x1e54</run_address>
         <size>0x50</size>
         <input_file_ref idref="fl-3"/>
      </object_component>
      <object_component id="oc-1ad">
         <name>.text:msDelay</name>
         <load_address>0x1ea4</load_address>
         <run_address>0x1ea4</run_address>
         <size>0x50</size>
         <input_file_ref idref="fl-c"/>
      </object_component>
      <object_component id="oc-18f">
         <name>.text:Init_TimerA0</name>
         <load_address>0x1ef4</load_address>
         <run_address>0x1ef4</run_address>
         <size>0x48</size>
         <input_file_ref idref="fl-c"/>
      </object_component>
      <object_component id="oc-2ea">
         <name>.text:__NVIC_SetPriority</name>
         <load_address>0x1f3c</load_address>
         <run_address>0x1f3c</run_address>
         <size>0x48</size>
         <input_file_ref idref="fl-6"/>
      </object_component>
      <object_component id="oc-1b3">
         <name>.text:Calibrate_Multimeter</name>
         <load_address>0x1f84</load_address>
         <run_address>0x1f84</run_address>
         <size>0x44</size>
         <input_file_ref idref="fl-9"/>
      </object_component>
      <object_component id="oc-189">
         <name>.text:Init_ADC</name>
         <load_address>0x1fc8</load_address>
         <run_address>0x1fc8</run_address>
         <size>0x44</size>
         <input_file_ref idref="fl-2"/>
      </object_component>
      <object_component id="oc-202">
         <name>.text:__TI_auto_init_nobinit_nopinit:__TI_auto_init_nobinit_nopinit</name>
         <load_address>0x200c</load_address>
         <run_address>0x200c</run_address>
         <size>0x44</size>
         <input_file_ref idref="fl-dc"/>
      </object_component>
      <object_component id="oc-19b">
         <name>.text:Init_DMA</name>
         <load_address>0x2050</load_address>
         <run_address>0x2050</run_address>
         <size>0x40</size>
         <input_file_ref idref="fl-3"/>
      </object_component>
      <object_component id="oc-1bf">
         <name>.text:Configure_Multimeter</name>
         <load_address>0x2090</load_address>
         <run_address>0x2090</run_address>
         <size>0x3c</size>
         <input_file_ref idref="fl-9"/>
      </object_component>
      <object_component id="oc-29d">
         <name>.text:Init_Port_4</name>
         <load_address>0x20cc</load_address>
         <run_address>0x20cc</run_address>
         <size>0x34</size>
         <input_file_ref idref="fl-a"/>
      </object_component>
      <object_component id="oc-55">
         <name>.text:_c_int00_noargs:_c_int00_noargs</name>
         <load_address>0x2100</load_address>
         <run_address>0x2100</run_address>
         <size>0x34</size>
         <input_file_ref idref="fl-da"/>
      </object_component>
      <object_component id="oc-2c3">
         <name>.text:Init_DMA_CH0</name>
         <load_address>0x2134</load_address>
         <run_address>0x2134</run_address>
         <size>0x30</size>
         <input_file_ref idref="fl-3"/>
      </object_component>
      <object_component id="oc-195">
         <name>.text:Init_TimerA1</name>
         <load_address>0x2164</load_address>
         <run_address>0x2164</run_address>
         <size>0x30</size>
         <input_file_ref idref="fl-c"/>
      </object_component>
      <object_component id="oc-73">
         <name>.text:TA0_0_IRQHandler</name>
         <load_address>0x2194</load_address>
         <run_address>0x2194</run_address>
         <size>0x30</size>
         <input_file_ref idref="fl-c"/>
      </object_component>
      <object_component id="oc-2f0">
         <name>.text:__NVIC_ClearPendingIRQ</name>
         <load_address>0x21c4</load_address>
         <run_address>0x21c4</run_address>
         <size>0x30</size>
         <input_file_ref idref="fl-6"/>
      </object_component>
      <object_component id="oc-2f6">
         <name>.text:__NVIC_EnableIRQ</name>
         <load_address>0x21f4</load_address>
         <run_address>0x21f4</run_address>
         <size>0x30</size>
         <input_file_ref idref="fl-6"/>
      </object_component>
      <object_component id="oc-2d5">
         <name>.text:Init_DMA_CH4</name>
         <load_address>0x2224</load_address>
         <run_address>0x2224</run_address>
         <size>0x2c</size>
         <input_file_ref idref="fl-3"/>
      </object_component>
      <object_component id="oc-b5">
         <name>.text:PORT1_IRQHandler</name>
         <load_address>0x2250</load_address>
         <run_address>0x2250</run_address>
         <size>0x2c</size>
         <input_file_ref idref="fl-6"/>
      </object_component>
      <object_component id="oc-171">
         <name>.text:Init_Ports</name>
         <load_address>0x227c</load_address>
         <run_address>0x227c</run_address>
         <size>0x20</size>
         <input_file_ref idref="fl-a"/>
      </object_component>
      <object_component id="oc-318">
         <name>.text:Set_Active_Amp</name>
         <load_address>0x229c</load_address>
         <run_address>0x229c</run_address>
         <size>0x20</size>
         <input_file_ref idref="fl-4"/>
      </object_component>
      <object_component id="oc-312">
         <name>.text:Set_Active_Bias</name>
         <load_address>0x22bc</load_address>
         <run_address>0x22bc</run_address>
         <size>0x20</size>
         <input_file_ref idref="fl-4"/>
      </object_component>
      <object_component id="oc-2e3">
         <name>.text:Set_Command_Value</name>
         <load_address>0x22dc</load_address>
         <run_address>0x22dc</run_address>
         <size>0x20</size>
         <input_file_ref idref="fl-d"/>
      </object_component>
      <object_component id="oc-324">
         <name>.text</name>
         <load_address>0x22fc</load_address>
         <run_address>0x22fc</run_address>
         <size>0x20</size>
         <input_file_ref idref="fl-d4"/>
      </object_component>
      <object_component id="oc-1cb">
         <name>.text:Clear_Command</name>
         <load_address>0x231c</load_address>
         <run_address>0x231c</run_address>
         <size>0x1c</size>
         <input_file_ref idref="fl-d"/>
      </object_component>
      <object_component id="oc-135">
         <name>.text:DMA_clearInterruptFlag</name>
         <load_address>0x2338</load_address>
         <run_address>0x2338</run_address>
         <size>0x1c</size>
         <input_file_ref idref="fl-19"/>
      </object_component>
      <object_component id="oc-1d7">
         <name>.text:Get_Command_Value</name>
         <load_address>0x2354</load_address>
         <run_address>0x2354</run_address>
         <size>0x1c</size>
         <input_file_ref idref="fl-d"/>
      </object_component>
      <object_component id="oc-1c5">
         <name>.text:Check_Command</name>
         <load_address>0x2370</load_address>
         <run_address>0x2370</run_address>
         <size>0x18</size>
         <input_file_ref idref="fl-d"/>
      </object_component>
      <object_component id="oc-306">
         <name>.text:Set_Active_Channel</name>
         <load_address>0x2388</load_address>
         <run_address>0x2388</run_address>
         <size>0x18</size>
         <input_file_ref idref="fl-4"/>
      </object_component>
      <object_component id="oc-30c">
         <name>.text:Set_Active_Type</name>
         <load_address>0x23a0</load_address>
         <run_address>0x23a0</run_address>
         <size>0x18</size>
         <input_file_ref idref="fl-4"/>
      </object_component>
      <object_component id="oc-31e">
         <name>.text:Set_Timer_Frequency</name>
         <load_address>0x23b8</load_address>
         <run_address>0x23b8</run_address>
         <size>0x18</size>
         <input_file_ref idref="fl-c"/>
      </object_component>
      <object_component id="oc-a9">
         <name>.text:DMA_INT1_IRQHandler</name>
         <load_address>0x23d0</load_address>
         <run_address>0x23d0</run_address>
         <size>0x14</size>
         <input_file_ref idref="fl-3"/>
      </object_component>
      <object_component id="oc-a3">
         <name>.text:DMA_INT2_IRQHandler</name>
         <load_address>0x23e4</load_address>
         <run_address>0x23e4</run_address>
         <size>0x14</size>
         <input_file_ref idref="fl-3"/>
      </object_component>
      <object_component id="oc-7f">
         <name>.text:TA1_0_IRQHandler</name>
         <load_address>0x23f8</load_address>
         <run_address>0x23f8</run_address>
         <size>0x10</size>
         <input_file_ref idref="fl-c"/>
      </object_component>
      <object_component id="oc-141">
         <name>.text:UART_getReceiveBufferAddressForDMA</name>
         <load_address>0x2408</load_address>
         <run_address>0x2408</run_address>
         <size>0xe</size>
         <input_file_ref idref="fl-1b"/>
      </object_component>
      <object_component id="oc-260">
         <name>.text:UART_getTransmitBufferAddressForDMA</name>
         <load_address>0x2416</load_address>
         <run_address>0x2416</run_address>
         <size>0xe</size>
         <input_file_ref idref="fl-1b"/>
      </object_component>
      <object_component id="oc-1d">
         <name>.text:decompress:none:__TI_decompress_none</name>
         <load_address>0x2424</load_address>
         <run_address>0x2424</run_address>
         <size>0xe</size>
         <input_file_ref idref="fl-d7"/>
      </object_component>
      <object_component id="oc-2a9">
         <name>.text:Init_Port_6</name>
         <load_address>0x2432</load_address>
         <run_address>0x2432</run_address>
         <size>0x2</size>
         <input_file_ref idref="fl-a"/>
      </object_component>
      <object_component id="oc-12f">
         <name>.text:DMA_getInterruptStatus</name>
         <load_address>0x2434</load_address>
         <run_address>0x2434</run_address>
         <size>0xc</size>
         <input_file_ref idref="fl-19"/>
      </object_component>
      <object_component id="oc-1b9">
         <name>.text:Is_I2C_Ready</name>
         <load_address>0x2440</load_address>
         <run_address>0x2440</run_address>
         <size>0xc</size>
         <input_file_ref idref="fl-5"/>
      </object_component>
      <object_component id="oc-67">
         <name>.text:Reset_Handler</name>
         <load_address>0x244c</load_address>
         <run_address>0x244c</run_address>
         <size>0xc</size>
         <input_file_ref idref="fl-e"/>
      </object_component>
      <object_component id="oc-49">
         <name>.text:decompress:ZI:__TI_zero_init</name>
         <load_address>0x2458</load_address>
         <run_address>0x2458</run_address>
         <size>0xc</size>
         <input_file_ref idref="fl-d6"/>
      </object_component>
      <object_component id="oc-db">
         <name>.text:_system_pre_init</name>
         <load_address>0x2464</load_address>
         <run_address>0x2464</run_address>
         <size>0x4</size>
         <input_file_ref idref="fl-dd"/>
      </object_component>
      <object_component id="oc-1f6">
         <name>.text:abort:abort</name>
         <load_address>0x2468</load_address>
         <run_address>0x2468</run_address>
         <size>0x4</size>
         <input_file_ref idref="fl-df"/>
      </object_component>
      <object_component id="oc-2af">
         <name>.text:Init_Port_7</name>
         <load_address>0x246c</load_address>
         <run_address>0x246c</run_address>
         <size>0x2</size>
         <input_file_ref idref="fl-a"/>
      </object_component>
      <object_component id="oc-2fe">
         <name>.const:.string:$P$T0$1</name>
         <load_address>0x246e</load_address>
         <run_address>0x246e</run_address>
         <size>0x3</size>
         <input_file_ref idref="fl-9"/>
      </object_component>
      <object_component id="oc-14d">
         <name>.const:.string:$P$T0$1</name>
         <load_address>0x2471</load_address>
         <run_address>0x2471</run_address>
         <size>0x2</size>
         <input_file_ref idref="fl-3"/>
      </object_component>
      <object_component id="oc-436">
         <name>.cinit..data.load</name>
         <load_address>0x2478</load_address>
         <run_address>0x2478</run_address>
         <size>0x274</size>
      </object_component>
      <object_component id="oc-434">
         <name>__TI_handler_table</name>
         <load_address>0x26ec</load_address>
         <run_address>0x26ec</run_address>
         <size>0xc</size>
      </object_component>
      <object_component id="oc-437">
         <name>.cinit..bss.load</name>
         <load_address>0x26f8</load_address>
         <run_address>0x26f8</run_address>
         <size>0x8</size>
      </object_component>
      <object_component id="oc-435">
         <name>__TI_cinit_table</name>
         <load_address>0x2700</load_address>
         <run_address>0x2700</run_address>
         <size>0x10</size>
      </object_component>
      <object_component id="oc-408">
         <name>.binit</name>
         <load_address>0x0</load_address>
         <run_address>0x0</run_address>
         <size>0x0</size>
      </object_component>
      <object_component id="oc-12a">
         <name>.data</name>
         <load_address>0x20001640</load_address>
         <run_address>0x20001640</run_address>
         <size>0x14</size>
         <input_file_ref idref="fl-3"/>
      </object_component>
      <object_component id="oc-23e">
         <name>.data:active_signal</name>
         <load_address>0x20001240</load_address>
         <run_address>0x20001240</run_address>
         <size>0x100</size>
         <input_file_ref idref="fl-4"/>
      </object_component>
      <object_component id="oc-23b">
         <name>.data</name>
         <load_address>0x20001678</load_address>
         <run_address>0x20001678</run_address>
         <size>0xc</size>
         <input_file_ref idref="fl-4"/>
      </object_component>
      <object_component id="oc-336">
         <name>.data:sine_template</name>
         <load_address>0x20001440</load_address>
         <run_address>0x20001440</run_address>
         <size>0x100</size>
         <input_file_ref idref="fl-4"/>
      </object_component>
      <object_component id="oc-333">
         <name>.data:square_template</name>
         <load_address>0x20001540</load_address>
         <run_address>0x20001540</run_address>
         <size>0x100</size>
         <input_file_ref idref="fl-4"/>
      </object_component>
      <object_component id="oc-339">
         <name>.data:saw_template</name>
         <load_address>0x20001340</load_address>
         <run_address>0x20001340</run_address>
         <size>0x100</size>
         <input_file_ref idref="fl-4"/>
      </object_component>
      <object_component id="oc-115">
         <name>.data</name>
         <load_address>0x20001668</load_address>
         <run_address>0x20001668</run_address>
         <size>0x10</size>
         <input_file_ref idref="fl-5"/>
      </object_component>
      <object_component id="oc-34c">
         <name>.data</name>
         <load_address>0x2000169c</load_address>
         <run_address>0x2000169c</run_address>
         <size>0x4</size>
         <input_file_ref idref="fl-7"/>
      </object_component>
      <object_component id="oc-34f">
         <name>.data:LA_blob</name>
         <load_address>0x200016a4</load_address>
         <run_address>0x200016a4</run_address>
         <size>0x2</size>
         <input_file_ref idref="fl-7"/>
      </object_component>
      <object_component id="oc-11b">
         <name>.data</name>
         <load_address>0x20001684</load_address>
         <run_address>0x20001684</run_address>
         <size>0x8</size>
         <input_file_ref idref="fl-9"/>
      </object_component>
      <object_component id="oc-118">
         <name>.data:dmm_values</name>
         <load_address>0x20001654</load_address>
         <run_address>0x20001654</run_address>
         <size>0x14</size>
         <input_file_ref idref="fl-9"/>
      </object_component>
      <object_component id="oc-348">
         <name>.data:dmm_blob</name>
         <load_address>0x20001694</load_address>
         <run_address>0x20001694</run_address>
         <size>0x7</size>
         <input_file_ref idref="fl-9"/>
      </object_component>
      <object_component id="oc-101">
         <name>.data</name>
         <load_address>0x200016a0</load_address>
         <run_address>0x200016a0</run_address>
         <size>0x4</size>
         <input_file_ref idref="fl-c"/>
      </object_component>
      <object_component id="oc-2b7">
         <name>.data</name>
         <load_address>0x2000168c</load_address>
         <run_address>0x2000168c</run_address>
         <size>0x8</size>
         <input_file_ref idref="fl-d"/>
      </object_component>
      <object_component id="oc-2e1">
         <name>.common:controlTable</name>
         <uninitialized>true</uninitialized>
         <run_address>0x20000800</run_address>
         <size>0x400</size>
      </object_component>
      <object_component id="oc-150">
         <name>.common:command_buffer</name>
         <uninitialized>true</uninitialized>
         <run_address>0x20000d90</run_address>
         <size>0x98</size>
      </object_component>
      <object_component id="oc-33e">
         <name>.common:adc6_array_1</name>
         <uninitialized>true</uninitialized>
         <run_address>0x20000000</run_address>
         <size>0x400</size>
      </object_component>
      <object_component id="oc-340">
         <name>.common:adc8_array_1</name>
         <uninitialized>true</uninitialized>
         <run_address>0x20000400</run_address>
         <size>0x400</size>
      </object_component>
      <object_component id="oc-11e">
         <name>.common:i2c_tx</name>
         <uninitialized>true</uninitialized>
         <run_address>0x2000121c</run_address>
         <size>0x8</size>
      </object_component>
      <object_component id="oc-276">
         <name>.common:command_flag</name>
         <uninitialized>true</uninitialized>
         <run_address>0x200011b8</run_address>
         <size>0x64</size>
      </object_component>
      <object_component id="oc-277">
         <name>.common:command_value</name>
         <uninitialized>true</uninitialized>
         <run_address>0x20000c00</run_address>
         <size>0x190</size>
      </object_component>
      <object_component id="oc-10f">
         <name>.common:rx2_ring_buffer</name>
         <uninitialized>true</uninitialized>
         <run_address>0x20000ff0</run_address>
         <size>0x98</size>
      </object_component>
      <object_component id="oc-110">
         <name>.common:rx2_ring_write</name>
         <uninitialized>true</uninitialized>
         <run_address>0x20001230</run_address>
         <size>0x4</size>
      </object_component>
      <object_component id="oc-2bc">
         <name>.common:rx2_ring_read</name>
         <uninitialized>true</uninitialized>
         <run_address>0x2000122c</run_address>
         <size>0x4</size>
      </object_component>
      <object_component id="oc-107">
         <name>.common:rx1_ring_buffer</name>
         <uninitialized>true</uninitialized>
         <run_address>0x20000f58</run_address>
         <size>0x98</size>
      </object_component>
      <object_component id="oc-10a">
         <name>.common:rx1_ring_write</name>
         <uninitialized>true</uninitialized>
         <run_address>0x20001228</run_address>
         <size>0x4</size>
      </object_component>
      <object_component id="oc-2b6">
         <name>.common:rx1_ring_read</name>
         <uninitialized>true</uninitialized>
         <run_address>0x20001224</run_address>
         <size>0x4</size>
      </object_component>
      <object_component id="oc-2bd">
         <name>.common:data_buffer</name>
         <uninitialized>true</uninitialized>
         <run_address>0x20000e28</run_address>
         <size>0x98</size>
      </object_component>
      <object_component id="oc-2ba">
         <name>.common:rx1_process</name>
         <uninitialized>true</uninitialized>
         <run_address>0x20000ec0</run_address>
         <size>0x98</size>
      </object_component>
      <object_component id="oc-111">
         <name>.common:tx2_process</name>
         <uninitialized>true</uninitialized>
         <run_address>0x20001120</run_address>
         <size>0x98</size>
      </object_component>
      <object_component id="oc-112">
         <name>.common:tx2_index</name>
         <uninitialized>true</uninitialized>
         <run_address>0x20001238</run_address>
         <size>0x4</size>
      </object_component>
      <object_component id="oc-113">
         <name>.common:tx2_done</name>
         <uninitialized>true</uninitialized>
         <run_address>0x2000123d</run_address>
         <size>0x1</size>
      </object_component>
      <object_component id="oc-10b">
         <name>.common:tx1_process</name>
         <uninitialized>true</uninitialized>
         <run_address>0x20001088</run_address>
         <size>0x98</size>
      </object_component>
      <object_component id="oc-10c">
         <name>.common:tx1_index</name>
         <uninitialized>true</uninitialized>
         <run_address>0x20001234</run_address>
         <size>0x4</size>
      </object_component>
      <object_component id="oc-10d">
         <name>.common:tx1_done</name>
         <uninitialized>true</uninitialized>
         <run_address>0x2000123c</run_address>
         <size>0x1</size>
      </object_component>
      <object_component id="oc-29">
         <name>.stack</name>
         <uninitialized>true</uninitialized>
         <run_address>0x2000fe00</run_address>
         <size>0x4</size>
         <input_file_ref idref="fl-da"/>
      </object_component>
      <object_component id="oc-439">
         <name>.stack</name>
         <uninitialized>true</uninitialized>
         <run_address>0x2000fe00</run_address>
         <size>0x0</size>
      </object_component>
      <object_component id="oc-28a">
         <name>.debug_info</name>
         <load_address>0x0</load_address>
         <run_address>0x0</run_address>
         <size>0x52e</size>
         <input_file_ref idref="fl-2"/>
      </object_component>
      <object_component id="oc-18a">
         <name>.debug_info</name>
         <load_address>0x52e</load_address>
         <run_address>0x52e</run_address>
         <size>0xf4</size>
         <input_file_ref idref="fl-2"/>
      </object_component>
      <object_component id="oc-99">
         <name>.debug_info</name>
         <load_address>0x622</load_address>
         <run_address>0x622</run_address>
         <size>0x104</size>
         <input_file_ref idref="fl-2"/>
      </object_component>
      <object_component id="oc-248">
         <name>.debug_info</name>
         <load_address>0x726</load_address>
         <run_address>0x726</run_address>
         <size>0x37e2</size>
         <input_file_ref idref="fl-2"/>
      </object_component>
      <object_component id="oc-15c">
         <name>.debug_info</name>
         <load_address>0x3f08</load_address>
         <run_address>0x3f08</run_address>
         <size>0x26b</size>
         <input_file_ref idref="fl-2"/>
      </object_component>
      <object_component id="oc-24d">
         <name>.debug_info</name>
         <load_address>0x4173</load_address>
         <run_address>0x4173</run_address>
         <size>0x1028</size>
         <input_file_ref idref="fl-2"/>
      </object_component>
      <object_component id="oc-32">
         <name>.debug_info</name>
         <load_address>0x519b</load_address>
         <run_address>0x519b</run_address>
         <size>0x84</size>
         <input_file_ref idref="fl-2"/>
      </object_component>
      <object_component id="oc-285">
         <name>.debug_info</name>
         <load_address>0x521f</load_address>
         <run_address>0x521f</run_address>
         <size>0x2a4</size>
         <input_file_ref idref="fl-2"/>
      </object_component>
      <object_component id="oc-154">
         <name>.debug_info</name>
         <load_address>0x54c3</load_address>
         <run_address>0x54c3</run_address>
         <size>0xbb</size>
         <input_file_ref idref="fl-2"/>
      </object_component>
      <object_component id="oc-151">
         <name>.debug_info</name>
         <load_address>0x557e</load_address>
         <run_address>0x557e</run_address>
         <size>0x88c</size>
         <input_file_ref idref="fl-3"/>
      </object_component>
      <object_component id="oc-12b">
         <name>.debug_info</name>
         <load_address>0x5e0a</load_address>
         <run_address>0x5e0a</run_address>
         <size>0x242</size>
         <input_file_ref idref="fl-3"/>
      </object_component>
      <object_component id="oc-14e">
         <name>.debug_info</name>
         <load_address>0x604c</load_address>
         <run_address>0x604c</run_address>
         <size>0xcf</size>
         <input_file_ref idref="fl-3"/>
      </object_component>
      <object_component id="oc-19c">
         <name>.debug_info</name>
         <load_address>0x611b</load_address>
         <run_address>0x611b</run_address>
         <size>0x177</size>
         <input_file_ref idref="fl-3"/>
      </object_component>
      <object_component id="oc-2c4">
         <name>.debug_info</name>
         <load_address>0x6292</load_address>
         <run_address>0x6292</run_address>
         <size>0x131</size>
         <input_file_ref idref="fl-3"/>
      </object_component>
      <object_component id="oc-2ca">
         <name>.debug_info</name>
         <load_address>0x63c3</load_address>
         <run_address>0x63c3</run_address>
         <size>0x14b</size>
         <input_file_ref idref="fl-3"/>
      </object_component>
      <object_component id="oc-2d0">
         <name>.debug_info</name>
         <load_address>0x650e</load_address>
         <run_address>0x650e</run_address>
         <size>0x14b</size>
         <input_file_ref idref="fl-3"/>
      </object_component>
      <object_component id="oc-2d6">
         <name>.debug_info</name>
         <load_address>0x6659</load_address>
         <run_address>0x6659</run_address>
         <size>0x131</size>
         <input_file_ref idref="fl-3"/>
      </object_component>
      <object_component id="oc-2dc">
         <name>.debug_info</name>
         <load_address>0x678a</load_address>
         <run_address>0x678a</run_address>
         <size>0x17e</size>
         <input_file_ref idref="fl-3"/>
      </object_component>
      <object_component id="oc-1de">
         <name>.debug_info</name>
         <load_address>0x6908</load_address>
         <run_address>0x6908</run_address>
         <size>0x18b</size>
         <input_file_ref idref="fl-3"/>
      </object_component>
      <object_component id="oc-1e4">
         <name>.debug_info</name>
         <load_address>0x6a93</load_address>
         <run_address>0x6a93</run_address>
         <size>0x18c</size>
         <input_file_ref idref="fl-3"/>
      </object_component>
      <object_component id="oc-125">
         <name>.debug_info</name>
         <load_address>0x6c1f</load_address>
         <run_address>0x6c1f</run_address>
         <size>0x1dc</size>
         <input_file_ref idref="fl-3"/>
      </object_component>
      <object_component id="oc-271">
         <name>.debug_info</name>
         <load_address>0x6dfb</load_address>
         <run_address>0x6dfb</run_address>
         <size>0x15b</size>
         <input_file_ref idref="fl-3"/>
      </object_component>
      <object_component id="oc-b0">
         <name>.debug_info</name>
         <load_address>0x6f56</load_address>
         <run_address>0x6f56</run_address>
         <size>0x28f</size>
         <input_file_ref idref="fl-3"/>
      </object_component>
      <object_component id="oc-aa">
         <name>.debug_info</name>
         <load_address>0x71e5</load_address>
         <run_address>0x71e5</run_address>
         <size>0x13c</size>
         <input_file_ref idref="fl-3"/>
      </object_component>
      <object_component id="oc-a4">
         <name>.debug_info</name>
         <load_address>0x7321</load_address>
         <run_address>0x7321</run_address>
         <size>0x13c</size>
         <input_file_ref idref="fl-3"/>
      </object_component>
      <object_component id="oc-9e">
         <name>.debug_info</name>
         <load_address>0x745d</load_address>
         <run_address>0x745d</run_address>
         <size>0x11c</size>
         <input_file_ref idref="fl-3"/>
      </object_component>
      <object_component id="oc-280">
         <name>.debug_info</name>
         <load_address>0x7579</load_address>
         <run_address>0x7579</run_address>
         <size>0x37e2</size>
         <input_file_ref idref="fl-3"/>
      </object_component>
      <object_component id="oc-242">
         <name>.debug_info</name>
         <load_address>0xad5b</load_address>
         <run_address>0xad5b</run_address>
         <size>0x66f</size>
         <input_file_ref idref="fl-4"/>
      </object_component>
      <object_component id="oc-23f">
         <name>.debug_info</name>
         <load_address>0xb3ca</load_address>
         <run_address>0xb3ca</run_address>
         <size>0xd9</size>
         <input_file_ref idref="fl-4"/>
      </object_component>
      <object_component id="oc-23c">
         <name>.debug_info</name>
         <load_address>0xb4a3</load_address>
         <run_address>0xb4a3</run_address>
         <size>0x198</size>
         <input_file_ref idref="fl-4"/>
      </object_component>
      <object_component id="oc-337">
         <name>.debug_info</name>
         <load_address>0xb63b</load_address>
         <run_address>0xb63b</run_address>
         <size>0xd9</size>
         <input_file_ref idref="fl-4"/>
      </object_component>
      <object_component id="oc-334">
         <name>.debug_info</name>
         <load_address>0xb714</load_address>
         <run_address>0xb714</run_address>
         <size>0xdd</size>
         <input_file_ref idref="fl-4"/>
      </object_component>
      <object_component id="oc-33a">
         <name>.debug_info</name>
         <load_address>0xb7f1</load_address>
         <run_address>0xb7f1</run_address>
         <size>0xd7</size>
         <input_file_ref idref="fl-4"/>
      </object_component>
      <object_component id="oc-1a4">
         <name>.debug_info</name>
         <load_address>0xb8c8</load_address>
         <run_address>0xb8c8</run_address>
         <size>0x16f</size>
         <input_file_ref idref="fl-4"/>
      </object_component>
      <object_component id="oc-fe">
         <name>.debug_info</name>
         <load_address>0xba37</load_address>
         <run_address>0xba37</run_address>
         <size>0x197</size>
         <input_file_ref idref="fl-4"/>
      </object_component>
      <object_component id="oc-1d4">
         <name>.debug_info</name>
         <load_address>0xbbce</load_address>
         <run_address>0xbbce</run_address>
         <size>0x33f</size>
         <input_file_ref idref="fl-4"/>
      </object_component>
      <object_component id="oc-309">
         <name>.debug_info</name>
         <load_address>0xbf0d</load_address>
         <run_address>0xbf0d</run_address>
         <size>0x138</size>
         <input_file_ref idref="fl-4"/>
      </object_component>
      <object_component id="oc-30f">
         <name>.debug_info</name>
         <load_address>0xc045</load_address>
         <run_address>0xc045</run_address>
         <size>0x132</size>
         <input_file_ref idref="fl-4"/>
      </object_component>
      <object_component id="oc-315">
         <name>.debug_info</name>
         <load_address>0xc177</load_address>
         <run_address>0xc177</run_address>
         <size>0x133</size>
         <input_file_ref idref="fl-4"/>
      </object_component>
      <object_component id="oc-31b">
         <name>.debug_info</name>
         <load_address>0xc2aa</load_address>
         <run_address>0xc2aa</run_address>
         <size>0x131</size>
         <input_file_ref idref="fl-4"/>
      </object_component>
      <object_component id="oc-11f">
         <name>.debug_info</name>
         <load_address>0xc3db</load_address>
         <run_address>0xc3db</run_address>
         <size>0x5c3</size>
         <input_file_ref idref="fl-5"/>
      </object_component>
      <object_component id="oc-116">
         <name>.debug_info</name>
         <load_address>0xc99e</load_address>
         <run_address>0xc99e</run_address>
         <size>0x196</size>
         <input_file_ref idref="fl-5"/>
      </object_component>
      <object_component id="oc-184">
         <name>.debug_info</name>
         <load_address>0xcb34</load_address>
         <run_address>0xcb34</run_address>
         <size>0x10f</size>
         <input_file_ref idref="fl-5"/>
      </object_component>
      <object_component id="oc-236">
         <name>.debug_info</name>
         <load_address>0xcc43</load_address>
         <run_address>0xcc43</run_address>
         <size>0x1c3</size>
         <input_file_ref idref="fl-5"/>
      </object_component>
      <object_component id="oc-1ba">
         <name>.debug_info</name>
         <load_address>0xce06</load_address>
         <run_address>0xce06</run_address>
         <size>0x10f</size>
         <input_file_ref idref="fl-5"/>
      </object_component>
      <object_component id="oc-92">
         <name>.debug_info</name>
         <load_address>0xcf15</load_address>
         <run_address>0xcf15</run_address>
         <size>0x117</size>
         <input_file_ref idref="fl-5"/>
      </object_component>
      <object_component id="oc-2f9">
         <name>.debug_info</name>
         <load_address>0xd02c</load_address>
         <run_address>0xd02c</run_address>
         <size>0x1c8</size>
         <input_file_ref idref="fl-6"/>
      </object_component>
      <object_component id="oc-2f3">
         <name>.debug_info</name>
         <load_address>0xd1f4</load_address>
         <run_address>0xd1f4</run_address>
         <size>0x1d4</size>
         <input_file_ref idref="fl-6"/>
      </object_component>
      <object_component id="oc-2ec">
         <name>.debug_info</name>
         <load_address>0xd3c8</load_address>
         <run_address>0xd3c8</run_address>
         <size>0x1ff</size>
         <input_file_ref idref="fl-6"/>
      </object_component>
      <object_component id="oc-1a9">
         <name>.debug_info</name>
         <load_address>0xd5c7</load_address>
         <run_address>0xd5c7</run_address>
         <size>0x332</size>
         <input_file_ref idref="fl-6"/>
      </object_component>
      <object_component id="oc-b7">
         <name>.debug_info</name>
         <load_address>0xd8f9</load_address>
         <run_address>0xd8f9</run_address>
         <size>0x119</size>
         <input_file_ref idref="fl-6"/>
      </object_component>
      <object_component id="oc-3d1">
         <name>.debug_info</name>
         <load_address>0xda12</load_address>
         <run_address>0xda12</run_address>
         <size>0x593</size>
         <input_file_ref idref="fl-7"/>
      </object_component>
      <object_component id="oc-34d">
         <name>.debug_info</name>
         <load_address>0xdfa5</load_address>
         <run_address>0xdfa5</run_address>
         <size>0xef</size>
         <input_file_ref idref="fl-7"/>
      </object_component>
      <object_component id="oc-350">
         <name>.debug_info</name>
         <load_address>0xe094</load_address>
         <run_address>0xe094</run_address>
         <size>0xce</size>
         <input_file_ref idref="fl-7"/>
      </object_component>
      <object_component id="oc-1f0">
         <name>.debug_info</name>
         <load_address>0xe162</load_address>
         <run_address>0xe162</run_address>
         <size>0x13e</size>
         <input_file_ref idref="fl-7"/>
      </object_component>
      <object_component id="oc-e2">
         <name>.debug_info</name>
         <load_address>0xe2a0</load_address>
         <run_address>0xe2a0</run_address>
         <size>0x37d</size>
         <input_file_ref idref="fl-8"/>
      </object_component>
      <object_component id="oc-25b">
         <name>.debug_info</name>
         <load_address>0xe61d</load_address>
         <run_address>0xe61d</run_address>
         <size>0x66b</size>
         <input_file_ref idref="fl-9"/>
      </object_component>
      <object_component id="oc-11c">
         <name>.debug_info</name>
         <load_address>0xec88</load_address>
         <run_address>0xec88</run_address>
         <size>0x125</size>
         <input_file_ref idref="fl-9"/>
      </object_component>
      <object_component id="oc-119">
         <name>.debug_info</name>
         <load_address>0xedad</load_address>
         <run_address>0xedad</run_address>
         <size>0xd7</size>
         <input_file_ref idref="fl-9"/>
      </object_component>
      <object_component id="oc-349">
         <name>.debug_info</name>
         <load_address>0xee84</load_address>
         <run_address>0xee84</run_address>
         <size>0xd3</size>
         <input_file_ref idref="fl-9"/>
      </object_component>
      <object_component id="oc-2ff">
         <name>.debug_info</name>
         <load_address>0xef57</load_address>
         <run_address>0xef57</run_address>
         <size>0xd0</size>
         <input_file_ref idref="fl-9"/>
      </object_component>
      <object_component id="oc-1b4">
         <name>.debug_info</name>
         <load_address>0xf027</load_address>
         <run_address>0xf027</run_address>
         <size>0x1ac</size>
         <input_file_ref idref="fl-9"/>
      </object_component>
      <object_component id="oc-1c0">
         <name>.debug_info</name>
         <load_address>0xf1d3</load_address>
         <run_address>0xf1d3</run_address>
         <size>0x1b9</size>
         <input_file_ref idref="fl-9"/>
      </object_component>
      <object_component id="oc-343">
         <name>.debug_info</name>
         <load_address>0xf38c</load_address>
         <run_address>0xf38c</run_address>
         <size>0x1e6</size>
         <input_file_ref idref="fl-9"/>
      </object_component>
      <object_component id="oc-1ea">
         <name>.debug_info</name>
         <load_address>0xf572</load_address>
         <run_address>0xf572</run_address>
         <size>0x1b9</size>
         <input_file_ref idref="fl-9"/>
      </object_component>
      <object_component id="oc-172">
         <name>.debug_info</name>
         <load_address>0xf72b</load_address>
         <run_address>0xf72b</run_address>
         <size>0x17c</size>
         <input_file_ref idref="fl-a"/>
      </object_component>
      <object_component id="oc-28d">
         <name>.debug_info</name>
         <load_address>0xf8a7</load_address>
         <run_address>0xf8a7</run_address>
         <size>0x100</size>
         <input_file_ref idref="fl-a"/>
      </object_component>
      <object_component id="oc-293">
         <name>.debug_info</name>
         <load_address>0xf9a7</load_address>
         <run_address>0xf9a7</run_address>
         <size>0x100</size>
         <input_file_ref idref="fl-a"/>
      </object_component>
      <object_component id="oc-298">
         <name>.debug_info</name>
         <load_address>0xfaa7</load_address>
         <run_address>0xfaa7</run_address>
         <size>0x100</size>
         <input_file_ref idref="fl-a"/>
      </object_component>
      <object_component id="oc-29e">
         <name>.debug_info</name>
         <load_address>0xfba7</load_address>
         <run_address>0xfba7</run_address>
         <size>0x100</size>
         <input_file_ref idref="fl-a"/>
      </object_component>
      <object_component id="oc-2a4">
         <name>.debug_info</name>
         <load_address>0xfca7</load_address>
         <run_address>0xfca7</run_address>
         <size>0x100</size>
         <input_file_ref idref="fl-a"/>
      </object_component>
      <object_component id="oc-2ab">
         <name>.debug_info</name>
         <load_address>0xfda7</load_address>
         <run_address>0xfda7</run_address>
         <size>0x100</size>
         <input_file_ref idref="fl-a"/>
      </object_component>
      <object_component id="oc-2b1">
         <name>.debug_info</name>
         <load_address>0xfea7</load_address>
         <run_address>0xfea7</run_address>
         <size>0x100</size>
         <input_file_ref idref="fl-a"/>
      </object_component>
      <object_component id="oc-f7">
         <name>.debug_info</name>
         <load_address>0xffa7</load_address>
         <run_address>0xffa7</run_address>
         <size>0x128</size>
         <input_file_ref idref="fl-b"/>
      </object_component>
      <object_component id="oc-245">
         <name>.debug_info</name>
         <load_address>0x100cf</load_address>
         <run_address>0x100cf</run_address>
         <size>0x55e</size>
         <input_file_ref idref="fl-c"/>
      </object_component>
      <object_component id="oc-102">
         <name>.debug_info</name>
         <load_address>0x1062d</load_address>
         <run_address>0x1062d</run_address>
         <size>0xfc</size>
         <input_file_ref idref="fl-c"/>
      </object_component>
      <object_component id="oc-191">
         <name>.debug_info</name>
         <load_address>0x10729</load_address>
         <run_address>0x10729</run_address>
         <size>0x105</size>
         <input_file_ref idref="fl-c"/>
      </object_component>
      <object_component id="oc-198">
         <name>.debug_info</name>
         <load_address>0x1082e</load_address>
         <run_address>0x1082e</run_address>
         <size>0x105</size>
         <input_file_ref idref="fl-c"/>
      </object_component>
      <object_component id="oc-74">
         <name>.debug_info</name>
         <load_address>0x10933</load_address>
         <run_address>0x10933</run_address>
         <size>0x122</size>
         <input_file_ref idref="fl-c"/>
      </object_component>
      <object_component id="oc-321">
         <name>.debug_info</name>
         <load_address>0x10a55</load_address>
         <run_address>0x10a55</run_address>
         <size>0x14a</size>
         <input_file_ref idref="fl-c"/>
      </object_component>
      <object_component id="oc-7c">
         <name>.debug_info</name>
         <load_address>0x10b9f</load_address>
         <run_address>0x10b9f</run_address>
         <size>0x10d</size>
         <input_file_ref idref="fl-c"/>
      </object_component>
      <object_component id="oc-80">
         <name>.debug_info</name>
         <load_address>0x10cac</load_address>
         <run_address>0x10cac</run_address>
         <size>0x10d</size>
         <input_file_ref idref="fl-c"/>
      </object_component>
      <object_component id="oc-1af">
         <name>.debug_info</name>
         <load_address>0x10db9</load_address>
         <run_address>0x10db9</run_address>
         <size>0x132</size>
         <input_file_ref idref="fl-c"/>
      </object_component>
      <object_component id="oc-108">
         <name>.debug_info</name>
         <load_address>0x10eeb</load_address>
         <run_address>0x10eeb</run_address>
         <size>0x879</size>
         <input_file_ref idref="fl-d"/>
      </object_component>
      <object_component id="oc-2b8">
         <name>.debug_info</name>
         <load_address>0x11764</load_address>
         <run_address>0x11764</run_address>
         <size>0xf9</size>
         <input_file_ref idref="fl-d"/>
      </object_component>
      <object_component id="oc-17a">
         <name>.debug_info</name>
         <load_address>0x1185d</load_address>
         <run_address>0x1185d</run_address>
         <size>0x116</size>
         <input_file_ref idref="fl-d"/>
      </object_component>
      <object_component id="oc-17f">
         <name>.debug_info</name>
         <load_address>0x11973</load_address>
         <run_address>0x11973</run_address>
         <size>0x116</size>
         <input_file_ref idref="fl-d"/>
      </object_component>
      <object_component id="oc-13d">
         <name>.debug_info</name>
         <load_address>0x11a89</load_address>
         <run_address>0x11a89</run_address>
         <size>0x162</size>
         <input_file_ref idref="fl-d"/>
      </object_component>
      <object_component id="oc-1c7">
         <name>.debug_info</name>
         <load_address>0x11beb</load_address>
         <run_address>0x11beb</run_address>
         <size>0x137</size>
         <input_file_ref idref="fl-d"/>
      </object_component>
      <object_component id="oc-1cd">
         <name>.debug_info</name>
         <load_address>0x11d22</load_address>
         <run_address>0x11d22</run_address>
         <size>0x133</size>
         <input_file_ref idref="fl-d"/>
      </object_component>
      <object_component id="oc-1d9">
         <name>.debug_info</name>
         <load_address>0x11e55</load_address>
         <run_address>0x11e55</run_address>
         <size>0x13f</size>
         <input_file_ref idref="fl-d"/>
      </object_component>
      <object_component id="oc-2e6">
         <name>.debug_info</name>
         <load_address>0x11f94</load_address>
         <run_address>0x11f94</run_address>
         <size>0x162</size>
         <input_file_ref idref="fl-d"/>
      </object_component>
      <object_component id="oc-87">
         <name>.debug_info</name>
         <load_address>0x120f6</load_address>
         <run_address>0x120f6</run_address>
         <size>0x12f</size>
         <input_file_ref idref="fl-d"/>
      </object_component>
      <object_component id="oc-8d">
         <name>.debug_info</name>
         <load_address>0x12225</load_address>
         <run_address>0x12225</run_address>
         <size>0x12f</size>
         <input_file_ref idref="fl-d"/>
      </object_component>
      <object_component id="oc-168">
         <name>.debug_info</name>
         <load_address>0x12354</load_address>
         <run_address>0x12354</run_address>
         <size>0x2c</size>
         <input_file_ref idref="fl-d"/>
      </object_component>
      <object_component id="oc-252">
         <name>.debug_info</name>
         <load_address>0x12380</load_address>
         <run_address>0x12380</run_address>
         <size>0x35</size>
         <input_file_ref idref="fl-d"/>
      </object_component>
      <object_component id="oc-bd">
         <name>.debug_info</name>
         <load_address>0x123b5</load_address>
         <run_address>0x123b5</run_address>
         <size>0x2c8</size>
         <input_file_ref idref="fl-e"/>
      </object_component>
      <object_component id="oc-27">
         <name>.debug_info</name>
         <load_address>0x1267d</load_address>
         <run_address>0x1267d</run_address>
         <size>0xf4</size>
         <input_file_ref idref="fl-e"/>
      </object_component>
      <object_component id="oc-6a">
         <name>.debug_info</name>
         <load_address>0x12771</load_address>
         <run_address>0x12771</run_address>
         <size>0x157</size>
         <input_file_ref idref="fl-e"/>
      </object_component>
      <object_component id="oc-6e">
         <name>.debug_info</name>
         <load_address>0x128c8</load_address>
         <run_address>0x128c8</run_address>
         <size>0x13f</size>
         <input_file_ref idref="fl-e"/>
      </object_component>
      <object_component id="oc-27b">
         <name>.debug_info</name>
         <load_address>0x12a07</load_address>
         <run_address>0x12a07</run_address>
         <size>0x6f0</size>
         <input_file_ref idref="fl-19"/>
      </object_component>
      <object_component id="oc-14a">
         <name>.debug_info</name>
         <load_address>0x130f7</load_address>
         <run_address>0x130f7</run_address>
         <size>0x326</size>
         <input_file_ref idref="fl-19"/>
      </object_component>
      <object_component id="oc-3ae">
         <name>.debug_info</name>
         <load_address>0x1341d</load_address>
         <run_address>0x1341d</run_address>
         <size>0x1d7</size>
         <input_file_ref idref="fl-19"/>
      </object_component>
      <object_component id="oc-131">
         <name>.debug_info</name>
         <load_address>0x135f4</load_address>
         <run_address>0x135f4</run_address>
         <size>0x1b6</size>
         <input_file_ref idref="fl-19"/>
      </object_component>
      <object_component id="oc-138">
         <name>.debug_info</name>
         <load_address>0x137aa</load_address>
         <run_address>0x137aa</run_address>
         <size>0x1e1</size>
         <input_file_ref idref="fl-19"/>
      </object_component>
      <object_component id="oc-387">
         <name>.debug_info</name>
         <load_address>0x1398b</load_address>
         <run_address>0x1398b</run_address>
         <size>0x431a</size>
         <input_file_ref idref="fl-19"/>
      </object_component>
      <object_component id="oc-39b">
         <name>.debug_info</name>
         <load_address>0x17ca5</load_address>
         <run_address>0x17ca5</run_address>
         <size>0x26b</size>
         <input_file_ref idref="fl-19"/>
      </object_component>
      <object_component id="oc-38c">
         <name>.debug_info</name>
         <load_address>0x17f10</load_address>
         <run_address>0x17f10</run_address>
         <size>0x1028</size>
         <input_file_ref idref="fl-19"/>
      </object_component>
      <object_component id="oc-391">
         <name>.debug_info</name>
         <load_address>0x18f38</load_address>
         <run_address>0x18f38</run_address>
         <size>0x8a</size>
         <input_file_ref idref="fl-19"/>
      </object_component>
      <object_component id="oc-396">
         <name>.debug_info</name>
         <load_address>0x18fc2</load_address>
         <run_address>0x18fc2</run_address>
         <size>0x8b</size>
         <input_file_ref idref="fl-19"/>
      </object_component>
      <object_component id="oc-37f">
         <name>.debug_info</name>
         <load_address>0x1904d</load_address>
         <run_address>0x1904d</run_address>
         <size>0x297</size>
         <input_file_ref idref="fl-19"/>
      </object_component>
      <object_component id="oc-26a">
         <name>.debug_info</name>
         <load_address>0x192e4</load_address>
         <run_address>0x192e4</run_address>
         <size>0xbb</size>
         <input_file_ref idref="fl-19"/>
      </object_component>
      <object_component id="oc-142">
         <name>.debug_info</name>
         <load_address>0x1939f</load_address>
         <run_address>0x1939f</run_address>
         <size>0x219</size>
         <input_file_ref idref="fl-1b"/>
      </object_component>
      <object_component id="oc-261">
         <name>.debug_info</name>
         <load_address>0x195b8</load_address>
         <run_address>0x195b8</run_address>
         <size>0x21b</size>
         <input_file_ref idref="fl-1b"/>
      </object_component>
      <object_component id="oc-32b">
         <name>.debug_info</name>
         <load_address>0x197d3</load_address>
         <run_address>0x197d3</run_address>
         <size>0x13a</size>
         <input_file_ref idref="fl-d2"/>
      </object_component>
      <object_component id="oc-32f">
         <name>.debug_info</name>
         <load_address>0x1990d</load_address>
         <run_address>0x1990d</run_address>
         <size>0x13e</size>
         <input_file_ref idref="fl-d3"/>
      </object_component>
      <object_component id="oc-326">
         <name>.debug_info</name>
         <load_address>0x19a4b</load_address>
         <run_address>0x19a4b</run_address>
         <size>0x12e</size>
         <input_file_ref idref="fl-d4"/>
      </object_component>
      <object_component id="oc-d6">
         <name>.debug_info</name>
         <load_address>0x19b79</load_address>
         <run_address>0x19b79</run_address>
         <size>0x147</size>
         <input_file_ref idref="fl-d5"/>
      </object_component>
      <object_component id="oc-d4">
         <name>.debug_info</name>
         <load_address>0x19cc0</load_address>
         <run_address>0x19cc0</run_address>
         <size>0x2d4</size>
         <input_file_ref idref="fl-d6"/>
      </object_component>
      <object_component id="oc-4a">
         <name>.debug_info</name>
         <load_address>0x19f94</load_address>
         <run_address>0x19f94</run_address>
         <size>0x1b5</size>
         <input_file_ref idref="fl-d6"/>
      </object_component>
      <object_component id="oc-cf">
         <name>.debug_info</name>
         <load_address>0x1a149</load_address>
         <run_address>0x1a149</run_address>
         <size>0x46</size>
         <input_file_ref idref="fl-d6"/>
      </object_component>
      <object_component id="oc-42">
         <name>.debug_info</name>
         <load_address>0x1a18f</load_address>
         <run_address>0x1a18f</run_address>
         <size>0x2a8</size>
         <input_file_ref idref="fl-d7"/>
      </object_component>
      <object_component id="oc-1f">
         <name>.debug_info</name>
         <load_address>0x1a437</load_address>
         <run_address>0x1a437</run_address>
         <size>0x1ea</size>
         <input_file_ref idref="fl-d7"/>
      </object_component>
      <object_component id="oc-3d">
         <name>.debug_info</name>
         <load_address>0x1a621</load_address>
         <run_address>0x1a621</run_address>
         <size>0x46</size>
         <input_file_ref idref="fl-d7"/>
      </object_component>
      <object_component id="oc-c7">
         <name>.debug_info</name>
         <load_address>0x1a667</load_address>
         <run_address>0x1a667</run_address>
         <size>0x2c</size>
         <input_file_ref idref="fl-d7"/>
      </object_component>
      <object_component id="oc-c5">
         <name>.debug_info</name>
         <load_address>0x1a693</load_address>
         <run_address>0x1a693</run_address>
         <size>0x29e</size>
         <input_file_ref idref="fl-d8"/>
      </object_component>
      <object_component id="oc-18">
         <name>.debug_info</name>
         <load_address>0x1a931</load_address>
         <run_address>0x1a931</run_address>
         <size>0x250</size>
         <input_file_ref idref="fl-d8"/>
      </object_component>
      <object_component id="oc-2d">
         <name>.debug_info</name>
         <load_address>0x1ab81</load_address>
         <run_address>0x1ab81</run_address>
         <size>0x60</size>
         <input_file_ref idref="fl-d8"/>
      </object_component>
      <object_component id="oc-161">
         <name>.debug_info</name>
         <load_address>0x1abe1</load_address>
         <run_address>0x1abe1</run_address>
         <size>0x46</size>
         <input_file_ref idref="fl-d8"/>
      </object_component>
      <object_component id="oc-c0">
         <name>.debug_info</name>
         <load_address>0x1ac27</load_address>
         <run_address>0x1ac27</run_address>
         <size>0x39</size>
         <input_file_ref idref="fl-d8"/>
      </object_component>
      <object_component id="oc-2a">
         <name>.debug_info</name>
         <load_address>0x1ac60</load_address>
         <run_address>0x1ac60</run_address>
         <size>0x10b</size>
         <input_file_ref idref="fl-da"/>
      </object_component>
      <object_component id="oc-57">
         <name>.debug_info</name>
         <load_address>0x1ad6b</load_address>
         <run_address>0x1ad6b</run_address>
         <size>0x1a9</size>
         <input_file_ref idref="fl-da"/>
      </object_component>
      <object_component id="oc-38">
         <name>.debug_info</name>
         <load_address>0x1af14</load_address>
         <run_address>0x1af14</run_address>
         <size>0x119</size>
         <input_file_ref idref="fl-db"/>
      </object_component>
      <object_component id="oc-35e">
         <name>.debug_info</name>
         <load_address>0x1b02d</load_address>
         <run_address>0x1b02d</run_address>
         <size>0x4b3</size>
         <input_file_ref idref="fl-dc"/>
      </object_component>
      <object_component id="oc-205">
         <name>.debug_info</name>
         <load_address>0x1b4e0</load_address>
         <run_address>0x1b4e0</run_address>
         <size>0x1a6</size>
         <input_file_ref idref="fl-dc"/>
      </object_component>
      <object_component id="oc-3e2">
         <name>.debug_info</name>
         <load_address>0x1b686</load_address>
         <run_address>0x1b686</run_address>
         <size>0x39</size>
         <input_file_ref idref="fl-dc"/>
      </object_component>
      <object_component id="oc-3f9">
         <name>.debug_info</name>
         <load_address>0x1b6bf</load_address>
         <run_address>0x1b6bf</run_address>
         <size>0x39</size>
         <input_file_ref idref="fl-dc"/>
      </object_component>
      <object_component id="oc-3e7">
         <name>.debug_info</name>
         <load_address>0x1b6f8</load_address>
         <run_address>0x1b6f8</run_address>
         <size>0x39</size>
         <input_file_ref idref="fl-dc"/>
      </object_component>
      <object_component id="oc-3ec">
         <name>.debug_info</name>
         <load_address>0x1b731</load_address>
         <run_address>0x1b731</run_address>
         <size>0xcd</size>
         <input_file_ref idref="fl-dc"/>
      </object_component>
      <object_component id="oc-dc">
         <name>.debug_info</name>
         <load_address>0x1b7fe</load_address>
         <run_address>0x1b7fe</run_address>
         <size>0x153</size>
         <input_file_ref idref="fl-dd"/>
      </object_component>
      <object_component id="oc-1f7">
         <name>.debug_info</name>
         <load_address>0x1b951</load_address>
         <run_address>0x1b951</run_address>
         <size>0x122</size>
         <input_file_ref idref="fl-df"/>
      </object_component>
      <object_component id="oc-43a">
         <name>.debug_info</name>
         <load_address>0x1ba73</load_address>
         <run_address>0x1ba73</run_address>
         <size>0x9c</size>
      </object_component>
      <object_component id="oc-3a1">
         <name>.debug_line</name>
         <load_address>0x0</load_address>
         <run_address>0x0</run_address>
         <size>0x20</size>
         <input_file_ref idref="fl-2"/>
      </object_component>
      <object_component id="oc-18d">
         <name>.debug_line</name>
         <load_address>0x20</load_address>
         <run_address>0x20</run_address>
         <size>0x46</size>
         <input_file_ref idref="fl-2"/>
      </object_component>
      <object_component id="oc-98">
         <name>.debug_line</name>
         <load_address>0x66</load_address>
         <run_address>0x66</run_address>
         <size>0x3e</size>
         <input_file_ref idref="fl-2"/>
      </object_component>
      <object_component id="oc-24b">
         <name>.debug_line</name>
         <load_address>0xa4</load_address>
         <run_address>0xa4</run_address>
         <size>0x7b</size>
         <input_file_ref idref="fl-2"/>
      </object_component>
      <object_component id="oc-15f">
         <name>.debug_line</name>
         <load_address>0x11f</load_address>
         <run_address>0x11f</run_address>
         <size>0x6f</size>
         <input_file_ref idref="fl-2"/>
      </object_component>
      <object_component id="oc-250">
         <name>.debug_line</name>
         <load_address>0x18e</load_address>
         <run_address>0x18e</run_address>
         <size>0x78</size>
[...]
      </symbol>
      <symbol id="sm-2dc">
         <name>logicChar</name>
         <value>0x2000169c</value>
         <object_component_ref idref="oc-34c"/>
      </symbol>
      <symbol id="sm-2f6">
         <name>main</name>
         <value>0x80d</value>
         <object_component_ref idref="oc-e1"/>
      </symbol>
      <symbol id="sm-35c">
         <name>Read_Multimeter_Value</name>
         <value>0x1565</value>
         <object_component_ref idref="oc-342"/>
      </symbol>
      <symbol id="sm-35d">
         <name>dmm_values</name>
         <value>0x20001654</value>
         <object_component_ref idref="oc-118"/>
      </symbol>
      <symbol id="sm-35e">
         <name>dmm_state</name>
         <value>0x20001684</value>
         <object_component_ref idref="oc-11b"/>
      </symbol>
      <symbol id="sm-35f">
         <name>Calibrate_Multimeter</name>
         <value>0x1f85</value>
         <object_component_ref idref="oc-1b3"/>
      </symbol>
      <symbol id="sm-360">
         <name>dmm_blob</name>
         <value>0x20001694</value>
         <object_component_ref idref="oc-348"/>
      </symbol>
      <symbol id="sm-361">
         <name>Multimeter_Process</name>
         <value>0xaad</value>
         <object_component_ref idref="oc-1e9"/>
      </symbol>
      <symbol id="sm-362">
         <name>Configure_Multimeter</name>
         <value>0x2091</value>
         <object_component_ref idref="oc-1bf"/>
      </symbol>
      <symbol id="sm-363">
         <name>dmm_len</name>
         <value>0x2000168a</value>
         <object_component_ref idref="oc-11b"/>
      </symbol>
      <symbol id="sm-364">
         <name>dmm_value_select</name>
         <value>0x20001688</value>
         <object_component_ref idref="oc-11b"/>
      </symbol>
      <symbol id="sm-3c5">
         <name>Init_Ports</name>
         <value>0x227d</value>
         <object_component_ref idref="oc-171"/>
      </symbol>
      <symbol id="sm-3c6">
         <name>Init_Port_6</name>
         <value>0x2433</value>
         <object_component_ref idref="oc-2a9"/>
      </symbol>
      <symbol id="sm-3c7">
         <name>Init_Port_7</name>
         <value>0x246d</value>
         <object_component_ref idref="oc-2af"/>
      </symbol>
      <symbol id="sm-3c8">
         <name>Init_Port_4</name>
         <value>0x20cd</value>
         <object_component_ref idref="oc-29d"/>
      </symbol>
      <symbol id="sm-3c9">
         <name>Init_Port_5</name>
         <value>0x11c9</value>
         <object_component_ref idref="oc-2a3"/>
      </symbol>
      <symbol id="sm-3ca">
         <name>Init_Port_2</name>
         <value>0x10e1</value>
         <object_component_ref idref="oc-291"/>
      </symbol>
      <symbol id="sm-3cb">
         <name>Init_Port_3</name>
         <value>0x1b91</value>
         <object_component_ref idref="oc-297"/>
      </symbol>
      <symbol id="sm-3cc">
         <name>Init_Port_1</name>
         <value>0x665</value>
         <object_component_ref idref="oc-28b"/>
      </symbol>
      <symbol id="sm-3df">
         <name>SystemInit</name>
         <value>0x19c9</value>
         <object_component_ref idref="oc-f3"/>
      </symbol>
      <symbol id="sm-447">
         <name>msDelay</name>
         <value>0x1ea5</value>
         <object_component_ref idref="oc-1ad"/>
      </symbol>
      <symbol id="sm-448">
         <name>TA0_0_IRQHandler</name>
         <value>0x2195</value>
         <object_component_ref idref="oc-73"/>
      </symbol>
      <symbol id="sm-449">
         <name>Set_Timer_Frequency</name>
         <value>0x23b9</value>
         <object_component_ref idref="oc-31e"/>
      </symbol>
      <symbol id="sm-44a">
         <name>A0_CCR2_flag</name>
         <value>0x200016a0</value>
         <object_component_ref idref="oc-101"/>
      </symbol>
      <symbol id="sm-44b">
         <name>timer_freq</name>
         <value>0x200016a2</value>
         <object_component_ref idref="oc-101"/>
      </symbol>
      <symbol id="sm-44c">
         <name>TA1_0_IRQHandler</name>
         <value>0x23f9</value>
         <object_component_ref idref="oc-7f"/>
      </symbol>
      <symbol id="sm-44d">
         <name>Init_TimerA1</name>
         <value>0x2165</value>
         <object_component_ref idref="oc-195"/>
      </symbol>
      <symbol id="sm-44e">
         <name>Init_TimerA0</name>
         <value>0x1ef5</value>
         <object_component_ref idref="oc-18f"/>
      </symbol>
      <symbol id="sm-44f">
         <name>TA0_N_IRQHandler</name>
         <value>0x1d49</value>
         <object_component_ref idref="oc-79"/>
      </symbol>
      <symbol id="sm-4f7">
         <name>command_flag</name>
         <value>0x200011b8</value>
      </symbol>
      <symbol id="sm-4f8">
         <name>command_value</name>
         <value>0x20000c00</value>
      </symbol>
      <symbol id="sm-4f9">
         <name>rx2_ring_buffer</name>
         <value>0x20000ff0</value>
      </symbol>
      <symbol id="sm-4fa">
         <name>rx2_ring_write</name>
         <value>0x20001230</value>
      </symbol>
      <symbol id="sm-4fb">
         <name>rx2_ring_read</name>
         <value>0x2000122c</value>
      </symbol>
      <symbol id="sm-4fc">
         <name>rx1_ring_buffer</name>
         <value>0x20000f58</value>
      </symbol>
      <symbol id="sm-4fd">
         <name>rx1_ring_write</name>
         <value>0x20001228</value>
      </symbol>
      <symbol id="sm-4fe">
         <name>rx1_ring_read</name>
         <value>0x20001224</value>
      </symbol>
      <symbol id="sm-4ff">
         <name>data_buffer</name>
         <value>0x20000e28</value>
      </symbol>
      <symbol id="sm-500">
         <name>rx1_process</name>
         <value>0x20000ec0</value>
      </symbol>
      <symbol id="sm-501">
         <name>tx2_process</name>
         <value>0x20001120</value>
      </symbol>
      <symbol id="sm-502">
         <name>tx2_index</name>
         <value>0x20001238</value>
      </symbol>
      <symbol id="sm-503">
         <name>tx2_done</name>
         <value>0x2000123d</value>
      </symbol>
      <symbol id="sm-504">
         <name>tx1_process</name>
         <value>0x20001088</value>
      </symbol>
      <symbol id="sm-505">
         <name>tx1_index</name>
         <value>0x20001234</value>
      </symbol>
      <symbol id="sm-506">
         <name>tx1_done</name>
         <value>0x2000123c</value>
      </symbol>
      <symbol id="sm-507">
         <name>Check_Command</name>
         <value>0x2371</value>
         <object_component_ref idref="oc-1c5"/>
      </symbol>
      <symbol id="sm-508">
         <name>RX2_Command</name>
         <value>0x1c01</value>
         <object_component_ref idref="oc-13b"/>
      </symbol>
      <symbol id="sm-509">
         <name>Set_Command_Value</name>
         <value>0x22dd</value>
         <object_component_ref idref="oc-2e3"/>
      </symbol>
      <symbol id="sm-50a">
         <name>Get_Command_Value</name>
         <value>0x2355</value>
         <object_component_ref idref="oc-1d7"/>
      </symbol>
      <symbol id="sm-50b">
         <name>EUSCIA2_IRQHandler</name>
         <value>0x1405</value>
         <object_component_ref idref="oc-8b"/>
      </symbol>
      <symbol id="sm-50c">
         <name>Clear_Command</name>
         <value>0x231d</value>
         <object_component_ref idref="oc-1cb"/>
      </symbol>
      <symbol id="sm-50d">
         <name>EUSCIA0_IRQHandler</name>
         <value>0x128d</value>
         <object_component_ref idref="oc-85"/>
      </symbol>
      <symbol id="sm-50e">
         <name>data_index</name>
         <value>0x2000168c</value>
         <object_component_ref idref="oc-2b7"/>
      </symbol>
      <symbol id="sm-50f">
         <name>Init_UART2</name>
         <value>0x14b9</value>
         <object_component_ref idref="oc-17d"/>
      </symbol>
      <symbol id="sm-510">
         <name>Init_UART0</name>
         <value>0x1349</value>
         <object_component_ref idref="oc-177"/>
      </symbol>
      <symbol id="sm-511">
         <name>rx1_index</name>
         <value>0x20001690</value>
         <object_component_ref idref="oc-2b7"/>
      </symbol>
      <symbol id="sm-52d">
         <name>Reset_Handler</name>
         <value>0x244d</value>
         <object_component_ref idref="oc-67"/>
      </symbol>
      <symbol id="sm-52e">
         <name>Default_Handler</name>
         <value>0x1d47</value>
         <object_component_ref idref="oc-6d"/>
      </symbol>
      <symbol id="sm-52f">
         <name>interruptVectors</name>
         <value>0x0</value>
         <object_component_ref idref="oc-26"/>
      </symbol>
      <symbol id="sm-5b7">
         <name>DMA_setChannelTransfer</name>
         <value>0xff1</value>
         <object_component_ref idref="oc-147"/>
      </symbol>
      <symbol id="sm-5b8">
         <name>DMA_clearInterruptFlag</name>
         <value>0x2339</value>
         <object_component_ref idref="oc-135"/>
      </symbol>
      <symbol id="sm-5b9">
         <name>DMA_getInterruptStatus</name>
         <value>0x2435</value>
         <object_component_ref idref="oc-12f"/>
      </symbol>
      <symbol id="sm-5ba">
         <name>DMA_assignChannel</name>
         <value>0x455</value>
         <object_component_ref idref="oc-3ab"/>
      </symbol>
      <symbol id="sm-5cd">
         <name>UART_getReceiveBufferAddressForDMA</name>
         <value>0x2409</value>
         <object_component_ref idref="oc-141"/>
      </symbol>
      <symbol id="sm-5ce">
         <name>UART_getTransmitBufferAddressForDMA</name>
         <value>0x2417</value>
         <object_component_ref idref="oc-260"/>
      </symbol>
      <symbol id="sm-5da">
         <name>__aeabi_dmul</name>
         <value>0xef5</value>
         <object_component_ref idref="oc-329"/>
      </symbol>
      <symbol id="sm-5e6">
         <name>__aeabi_d2f</name>
         <value>0x1c71</value>
         <object_component_ref idref="oc-32e"/>
      </symbol>
      <symbol id="sm-5f0">
         <name>__aeabi_ui2d</name>
         <value>0x22fd</value>
         <object_component_ref idref="oc-324"/>
      </symbol>
      <symbol id="sm-5ff">
         <name>__aeabi_memset</name>
         <value>0x185f</value>
         <object_component_ref idref="oc-d5"/>
      </symbol>
      <symbol id="sm-600">
         <name>memset</name>
         <value>0x1865</value>
         <object_component_ref idref="oc-d5"/>
      </symbol>
      <symbol id="sm-601">
         <name>__aeabi_memset8</name>
         <value>0x185f</value>
         <object_component_ref idref="oc-d5"/>
      </symbol>
      <symbol id="sm-602">
         <name>__aeabi_memset4</name>
         <value>0x185f</value>
         <object_component_ref idref="oc-d5"/>
      </symbol>
      <symbol id="sm-603">
         <name>__aeabi_memclr8</name>
         <value>0x185d</value>
         <object_component_ref idref="oc-d5"/>
      </symbol>
      <symbol id="sm-604">
         <name>__aeabi_memclr4</name>
         <value>0x185d</value>
         <object_component_ref idref="oc-d5"/>
      </symbol>
      <symbol id="sm-605">
         <name>__aeabi_memclr</name>
         <value>0x185d</value>
         <object_component_ref idref="oc-d5"/>
      </symbol>
      <symbol id="sm-617">
         <name>__TI_zero_init</name>
         <value>0x2459</value>
         <object_component_ref idref="oc-49"/>
      </symbol>
      <symbol id="sm-62e">
         <name>__TI_decompress_none</name>
         <value>0x2425</value>
         <object_component_ref idref="oc-1d"/>
      </symbol>
      <symbol id="sm-651">
         <name>__TI_decompress_lzss</name>
         <value>0x1cdf</value>
         <object_component_ref idref="oc-17"/>
      </symbol>
      <symbol id="sm-665">
         <name>__stack</name>
         <value>0x2000fe00</value>
         <object_component_ref idref="oc-29"/>
      </symbol>
      <symbol id="sm-666">
         <name>_c_int00_noargs</name>
         <value>0x2101</value>
         <object_component_ref idref="oc-55"/>
      </symbol>
      <symbol id="sm-681">
         <name>memcpy</name>
         <value>0x1611</value>
         <object_component_ref idref="oc-37"/>
      </symbol>
      <symbol id="sm-682">
         <name>__aeabi_memcpy</name>
         <value>0x1611</value>
         <object_component_ref idref="oc-37"/>
      </symbol>
      <symbol id="sm-683">
         <name>__aeabi_memcpy8</name>
         <value>0x1611</value>
         <object_component_ref idref="oc-37"/>
      </symbol>
      <symbol id="sm-684">
         <name>__aeabi_memcpy4</name>
         <value>0x1611</value>
         <object_component_ref idref="oc-37"/>
      </symbol>
      <symbol id="sm-6ac">
         <name>__TI_auto_init_nobinit_nopinit</name>
         <value>0x200d</value>
         <object_component_ref idref="oc-202"/>
      </symbol>
      <symbol id="sm-6b6">
         <name>_system_pre_init</name>
         <value>0x2465</value>
         <object_component_ref idref="oc-db"/>
      </symbol>
      <symbol id="sm-6c2">
         <name>C$$EXIT</name>
         <value>0x2469</value>
         <object_component_ref idref="oc-1f6"/>
      </symbol>
      <symbol id="sm-6c3">
         <name>abort</name>
         <value>0x2469</value>
         <object_component_ref idref="oc-1f6"/>
      </symbol>
      <symbol id="sm-6c6">
         <name>__TI_static_base__</name>
         <value>0x0</value>
      </symbol>
      <symbol id="sm-6c9">
         <name>__mpu_init</name>
         <value>0x0</value>
      </symbol>
      <symbol id="sm-6ca">
         <name>_system_post_cinit</name>
         <value>0x0</value>
      </symbol>
      <symbol id="sm-6cb">
         <name>NMI_Handler</name>
         <value>0x1d47</value>
      </symbol>
      <symbol id="sm-6cc">
         <name>HardFault_Handler</name>
         <value>0x1d47</value>
      </symbol>
      <symbol id="sm-6cd">
         <name>MemManage_Handler</name>
         <value>0x1d47</value>
      </symbol>
      <symbol id="sm-6ce">
         <name>BusFault_Handler</name>
         <value>0x1d47</value>
      </symbol>
      <symbol id="sm-6cf">
         <name>UsageFault_Handler</name>
         <value>0x1d47</value>
      </symbol>
      <symbol id="sm-6d0">
         <name>SVC_Handler</name>
         <value>0x1d47</value>
      </symbol>
      <symbol id="sm-6d1">
         <name>DebugMon_Handler</name>
         <value>0x1d47</value>
      </symbol>
      <symbol id="sm-6d2">
         <name>PendSV_Handler</name>
         <value>0x1d47</value>
      </symbol>
      <symbol id="sm-6d3">
         <name>SysTick_Handler</name>
         <value>0x1d47</value>
      </symbol>
      <symbol id="sm-6d4">
         <name>PSS_IRQHandler</name>
         <value>0x1d47</value>
      </symbol>
      <symbol id="sm-6d5">
         <name>CS_IRQHandler</name>
         <value>0x1d47</value>
      </symbol>
      <symbol id="sm-6d6">
         <name>PCM_IRQHandler</name>
         <value>0x1d47</value>
      </symbol>
      <symbol id="sm-6d7">
         <name>WDT_A_IRQHandler</name>
         <value>0x1d47</value>
      </symbol>
      <symbol id="sm-6d8">
         <name>FPU_IRQHandler</name>
         <value>0x1d47</value>
      </symbol>
      <symbol id="sm-6d9">
         <name>FLCTL_IRQHandler</name>
         <value>0x1d47</value>
      </symbol>
      <symbol id="sm-6da">
         <name>COMP_E0_IRQHandler</name>
         <value>0x1d47</value>
      </symbol>
      <symbol id="sm-6db">
         <name>COMP_E1_IRQHandler</name>
         <value>0x1d47</value>
      </symbol>
      <symbol id="sm-6dc">
         <name>TA0_0_IRQHandler</name>
         <value>0x2195</value>
      </symbol>
      <symbol id="sm-6dd">
         <name>TA0_N_IRQHandler</name>
         <value>0x1d49</value>
      </symbol>
      <symbol id="sm-6de">
         <name>TA1_0_IRQHandler</name>
         <value>0x23f9</value>
      </symbol>
      <symbol id="sm-6df">
         <name>TA1_N_IRQHandler</name>
         <value>0x1d47</value>
      </symbol>
      <symbol id="sm-6e0">
         <name>TA2_0_IRQHandler</name>
         <value>0x1d47</value>
      </symbol>
      <symbol id="sm-6e1">
         <name>TA2_N_IRQHandler</name>
         <value>0x1d47</value>
      </symbol>
      <symbol id="sm-6e2">
         <name>TA3_0_IRQHandler</name>
         <value>0x1d47</value>
      </symbol>
      <symbol id="sm-6e3">
         <name>TA3_N_IRQHandler</name>
         <value>0x1d47</value>
      </symbol>
      <symbol id="sm-6e4">
         <name>EUSCIA0_IRQHandler</name>
         <value>0x128d</value>
      </symbol>
      <symbol id="sm-6e5">
         <name>EUSCIA1_IRQHandler</name>
         <value>0x1d47</value>
      </symbol>
      <symbol id="sm-6e6">
         <name>EUSCIA2_IRQHandler</name>
         <value>0x1405</value>
      </symbol>
      <symbol id="sm-6e7">
         <name>EUSCIA3_IRQHandler</name>
         <value>0x1d47</value>
      </symbol>
      <symbol id="sm-6e8">
         <name>EUSCIB0_IRQHandler</name>
         <value>0x1d47</value>
      </symbol>
      <symbol id="sm-6e9">
         <name>EUSCIB1_IRQHandler</name>
         <value>0x969</value>
      </symbol>
      <symbol id="sm-6ea">
         <name>EUSCIB2_IRQHandler</name>
         <value>0x1d47</value>
      </symbol>
      <symbol id="sm-6eb">
         <name>EUSCIB3_IRQHandler</name>
         <value>0x1d47</value>
      </symbol>
      <symbol id="sm-6ec">
         <name>ADC14_IRQHandler</name>
         <value>0x967</value>
      </symbol>
      <symbol id="sm-6ed">
         <name>T32_INT1_IRQHandler</name>
         <value>0x1d47</value>
      </symbol>
      <symbol id="sm-6ee">
         <name>T32_INT2_IRQHandler</name>
         <value>0x1d47</value>
      </symbol>
      <symbol id="sm-6ef">
         <name>T32_INTC_IRQHandler</name>
         <value>0x1d47</value>
      </symbol>
      <symbol id="sm-6f0">
         <name>AES256_IRQHandler</name>
         <value>0x1d47</value>
      </symbol>
      <symbol id="sm-6f1">
         <name>RTC_C_IRQHandler</name>
         <value>0x1d47</value>
      </symbol>
      <symbol id="sm-6f2">
         <name>DMA_ERR_IRQHandler</name>
         <value>0x1d47</value>
      </symbol>
      <symbol id="sm-6f3">
         <name>DMA_INT3_IRQHandler</name>
         <value>0x18d7</value>
      </symbol>
      <symbol id="sm-6f4">
         <name>DMA_INT2_IRQHandler</name>
         <value>0x23e5</value>
      </symbol>
      <symbol id="sm-6f5">
         <name>DMA_INT1_IRQHandler</name>
         <value>0x23d1</value>
      </symbol>
      <symbol id="sm-6f6">
         <name>DMA_INT0_IRQHandler</name>
         <value>0xce1</value>
      </symbol>
      <symbol id="sm-6f7">
         <name>PORT1_IRQHandler</name>
         <value>0x2251</value>
      </symbol>
      <symbol id="sm-6f8">
         <name>PORT2_IRQHandler</name>
         <value>0x1d47</value>
      </symbol>
      <symbol id="sm-6f9">
         <name>PORT3_IRQHandler</name>
         <value>0x1d47</value>
      </symbol>
      <symbol id="sm-6fa">
         <name>PORT4_IRQHandler</name>
         <value>0x1d47</value>
      </symbol>
      <symbol id="sm-6fb">
         <name>PORT5_IRQHandler</name>
         <value>0x1d47</value>
      </symbol>
      <symbol id="sm-6fc">
         <name>PORT6_IRQHandler</name>
         <value>0x1d47</value>
      </symbol>
   </symbol_table>
   <title>Link successful</title>
</link_info>
