******************************************************************************
                  TI ARM Linker PC v20.2.5                     
******************************************************************************
>> Linked Mon Nov 29 13:09:38 2021

OUTPUT FILE NAME:   <ti_hub_daq.out>
ENTRY POINT SYMBOL: "_c_int00_noargs"  address: 00002101


MEMORY CONFIGURATION

         name            origin    length      used     unused   attr    fill
----------------------  --------  ---------  --------  --------  ----  --------
  MAIN                  00000000   00040000  0000270b  0003d8f5  R  X
  INFO                  00200000   00004000  00000000  00004000  R  X
  SRAM_CODE             01000000   00010000  000018a4  0000e75c  RW X
  SRAM_DATA             20000000   00010000  000018a4  0000e75c  RW  


SEGMENT ALLOCATION MAP

run origin  load origin   length   init length attrs members
----------  ----------- ---------- ----------- ----- -------
00000000    00000000    00002710   00002710    r-x
  00000000    00000000    000000e4   000000e4    r-- .intvecs
  000000e4    000000e4    0000238a   0000238a    r-x .text
  0000246e    0000246e    00000005   00000005    r-- .const
  00002478    00002478    00000298   00000298    r-- .cinit
20000000    20000000    000016a6   00000000    rw-
  20000000    20000000    0000123e   00000000    rw- .bss
  20001240    20001240    00000466   00000000    rw- .data
2000fe00    2000fe00    00000200   00000000    rw-
  2000fe00    2000fe00    00000200   00000000    rw- .stack


SECTION ALLOCATION MAP

 output                                  attributes/
section   page    origin      length       input sections
--------  ----  ----------  ----------   ----------------
.intvecs   0    00000000    000000e4     
                  00000000    000000e4     startup_msp432p401r_ccs.obj (.intvecs:retain)

.text      0    000000e4    0000238a     
                  000000e4    00000370     fungen.obj (.text:Update_Signal_Array)
                  00000454    00000210     msp432p4xx_driverlib.lib : dma.o (.text:DMA_assignChannel)
                  00000664    000001a8     ports.obj (.text:Init_Port_1)
                  0000080c    0000015a     main.obj (.text:main)
                  00000966    00000002     adc.obj (.text:ADC14_IRQHandler)
                  00000968    00000144     i2c_ti82.obj (.text:EUSCIB1_IRQHandler)
                  00000aac    0000011c     multimeter.obj (.text:Multimeter_Process)
                  00000bc8    00000118     i2c_ti82.obj (.text:I2C1_TX_RX)
                  00000ce0    00000110     dma_ti82.obj (.text:DMA_INT0_IRQHandler)
                  00000df0    00000104     logizer.obj (.text:UpdateLA)
                  00000ef4    000000fc     rtsv7M4_T_le_v4SPD16_eabi.lib : fd_mul_t2.asm.obj (.text)
                  00000ff0    000000f0     msp432p4xx_driverlib.lib : dma.o (.text:DMA_setChannelTransfer)
                  000010e0    000000e8     ports.obj (.text:Init_Port_2)
                  000011c8    000000c4     ports.obj (.text:Init_Port_5)
                  0000128c    000000bc     uart_ti82.obj (.text:EUSCIA0_IRQHandler)
                  00001348    000000bc     uart_ti82.obj (.text:Init_UART0)
                  00001404    000000b4     uart_ti82.obj (.text:EUSCIA2_IRQHandler)
                  000014b8    000000ac     uart_ti82.obj (.text:Init_UART2)
                  00001564    000000ac     multimeter.obj (.text:Read_Multimeter_Value)
                  00001610    0000009c     rtsv7M4_T_le_v4SPD16_eabi.lib : memcpy_t2.asm.obj (.text)
                  000016ac    00000098     fungen.obj (.text:FunGen_Process)
                  00001744    00000090     interrupts.obj (.text:Init_Interrupts)
                  000017d4    00000088     i2c_ti82.obj (.text:Init_I2C)
                  0000185c    0000007a     rtsv7M4_T_le_v4SPD16_eabi.lib : memset_t2.asm.obj (.text)
                  000018d6    00000002     dma_ti82.obj (.text:DMA_INT3_IRQHandler)
                  000018d8    00000078     dma_ti82.obj (.text:Init_DMA_CH2)
                  00001950    00000078     dma_ti82.obj (.text:Init_DMA_CH3)
                  000019c8    00000078     system_msp432p401r.obj (.text:SystemInit)
                  00001a40    00000070     dma_ti82.obj (.text:Dma_Ch2_ADC_Ch6_Get_Data)
                  00001ab0    00000070     dma_ti82.obj (.text:Dma_Ch3_ADC_Ch8_Get_Data)
                  00001b20    00000070     dma_ti82.obj (.text:Dma_Ch5_RX2_Ready)
                  00001b90    00000070     ports.obj (.text:Init_Port_3)
                  00001c00    00000070     uart_ti82.obj (.text:RX2_Command)
                  00001c70    0000006e     rtsv7M4_T_le_v4SPD16_eabi.lib : fd_tos_t2.asm.obj (.text)
                  00001cde    00000068                                   : copy_decompress_lzss.c.obj (.text:decompress:lzss:__TI_decompress_lzss)
                  00001d46    00000002     startup_msp432p401r_ccs.obj (.text:Default_Handler)
                  00001d48    00000064     timers.obj (.text:TA0_N_IRQHandler)
                  00001dac    00000054     dma_ti82.obj (.text:Init_DMA_CH5)
                  00001e00    00000054     fungen.obj (.text:Init_FunGen)
                  00001e54    00000050     dma_ti82.obj (.text:Dma_Ch4_Uart2_Send_String)
                  00001ea4    00000050     timers.obj (.text:msDelay)
                  00001ef4    00000048     timers.obj (.text:Init_TimerA0)
                  00001f3c    00000048     interrupts.obj (.text:__NVIC_SetPriority)
                  00001f84    00000044     multimeter.obj (.text:Calibrate_Multimeter)
                  00001fc8    00000044     adc.obj (.text:Init_ADC)
                  0000200c    00000044     rtsv7M4_T_le_v4SPD16_eabi.lib : autoinit.c.obj (.text:__TI_auto_init_nobinit_nopinit:__TI_auto_init_nobinit_nopinit)
                  00002050    00000040     dma_ti82.obj (.text:Init_DMA)
                  00002090    0000003c     multimeter.obj (.text:Configure_Multimeter)
                  000020cc    00000034     ports.obj (.text:Init_Port_4)
                  00002100    00000034     rtsv7M4_T_le_v4SPD16_eabi.lib : boot_cortex_m.c.obj (.text:_c_int00_noargs:_c_int00_noargs)
                  00002134    00000030     dma_ti82.obj (.text:Init_DMA_CH0)
                  00002164    00000030     timers.obj (.text:Init_TimerA1)
                  00002194    00000030     timers.obj (.text:TA0_0_IRQHandler)
                  000021c4    00000030     interrupts.obj (.text:__NVIC_ClearPendingIRQ)
                  000021f4    00000030     interrupts.obj (.text:__NVIC_EnableIRQ)
                  00002224    0000002c     dma_ti82.obj (.text:Init_DMA_CH4)
                  00002250    0000002c     interrupts.obj (.text:PORT1_IRQHandler)
                  0000227c    00000020     ports.obj (.text:Init_Ports)
                  0000229c    00000020     fungen.obj (.text:Set_Active_Amp)
                  000022bc    00000020     fungen.obj (.text:Set_Active_Bias)
                  000022dc    00000020     uart_ti82.obj (.text:Set_Command_Value)
                  000022fc    00000020     rtsv7M4_T_le_v4SPD16_eabi.lib : u_tofd_t2.asm.obj (.text)
                  0000231c    0000001c     uart_ti82.obj (.text:Clear_Command)
                  00002338    0000001c     msp432p4xx_driverlib.lib : dma.o (.text:DMA_clearInterruptFlag)
                  00002354    0000001c     uart_ti82.obj (.text:Get_Command_Value)
                  00002370    00000018     uart_ti82.obj (.text:Check_Command)
                  00002388    00000018     fungen.obj (.text:Set_Active_Channel)
                  000023a0    00000018     fungen.obj (.text:Set_Active_Type)
                  000023b8    00000018     timers.obj (.text:Set_Timer_Frequency)
                  000023d0    00000014     dma_ti82.obj (.text:DMA_INT1_IRQHandler)
                  000023e4    00000014     dma_ti82.obj (.text:DMA_INT2_IRQHandler)
                  000023f8    00000010     timers.obj (.text:TA1_0_IRQHandler)
                  00002408    0000000e     msp432p4xx_driverlib.lib : uart.o (.text:UART_getReceiveBufferAddressForDMA)
                  00002416    0000000e                              : uart.o (.text:UART_getTransmitBufferAddressForDMA)
                  00002424    0000000e     rtsv7M4_T_le_v4SPD16_eabi.lib : copy_decompress_none.c.obj (.text:decompress:none:__TI_decompress_none)
                  00002432    00000002     ports.obj (.text:Init_Port_6)
                  00002434    0000000c     msp432p4xx_driverlib.lib : dma.o (.text:DMA_getInterruptStatus)
                  00002440    0000000c     i2c_ti82.obj (.text:Is_I2C_Ready)
                  0000244c    0000000c     startup_msp432p401r_ccs.obj (.text:Reset_Handler)
                  00002458    0000000c     rtsv7M4_T_le_v4SPD16_eabi.lib : copy_zero_init.c.obj (.text:decompress:ZI:__TI_zero_init)
                  00002464    00000004                                   : pre_init.c.obj (.text:_system_pre_init)
                  00002468    00000004                                   : exit.c.obj (.text:abort:abort)
                  0000246c    00000002     ports.obj (.text:Init_Port_7)

.const     0    0000246e    00000005     
                  0000246e    00000003     multimeter.obj (.const:.string:$P$T0$1)
                  00002471    00000002     dma_ti82.obj (.const:.string:$P$T0$1)

.cinit     0    00002478    00000298     
                  00002478    00000274     (.cinit..data.load) [load image, compression = lzss]
                  000026ec    0000000c     (__TI_handler_table)
                  000026f8    00000008     (.cinit..bss.load) [load image, compression = zero_init]
                  00002700    00000010     (__TI_cinit_table)

.init_array 
*          0    00000000    00000000     UNINITIALIZED

.binit     0    00000000    00000000     

.bss       0    20000000    0000123e     UNINITIALIZED
                  20000000    00000400     (.common:adc6_array_1)
                  20000400    00000400     (.common:adc8_array_1)
                  20000800    00000400     (.common:controlTable)
                  20000c00    00000190     (.common:command_value)
                  20000d90    00000098     (.common:command_buffer)
                  20000e28    00000098     (.common:data_buffer)
                  20000ec0    00000098     (.common:rx1_process)
                  20000f58    00000098     (.common:rx1_ring_buffer)
                  20000ff0    00000098     (.common:rx2_ring_buffer)
                  20001088    00000098     (.common:tx1_process)
                  20001120    00000098     (.common:tx2_process)
                  200011b8    00000064     (.common:command_flag)
                  2000121c    00000008     (.common:i2c_tx)
                  20001224    00000004     (.common:rx1_ring_read)
                  20001228    00000004     (.common:rx1_ring_write)
                  2000122c    00000004     (.common:rx2_ring_read)
                  20001230    00000004     (.common:rx2_ring_write)
                  20001234    00000004     (.common:tx1_index)
                  20001238    00000004     (.common:tx2_index)
                  2000123c    00000001     (.common:tx1_done)
                  2000123d    00000001     (.common:tx2_done)

.data      0    20001240    00000466     UNINITIALIZED
                  20001240    00000100     fungen.obj (.data:active_signal)
                  20001340    00000100     fungen.obj (.data:saw_template)
                  20001440    00000100     fungen.obj (.data:sine_template)
                  20001540    00000100     fungen.obj (.data:square_template)
                  20001640    00000014     dma_ti82.obj (.data)
                  20001654    00000014     multimeter.obj (.data:dmm_values)
                  20001668    00000010     i2c_ti82.obj (.data)
                  20001678    0000000c     fungen.obj (.data)
                  20001684    00000008     multimeter.obj (.data)
                  2000168c    00000008     uart_ti82.obj (.data)
                  20001694    00000007     multimeter.obj (.data:dmm_blob)
                  2000169b    00000001     --HOLE--
                  2000169c    00000004     logizer.obj (.data)
                  200016a0    00000004     timers.obj (.data)
                  200016a4    00000002     logizer.obj (.data:LA_blob)

.stack     0    2000fe00    00000200     UNINITIALIZED
                  2000fe00    00000004     rtsv7M4_T_le_v4SPD16_eabi.lib : boot_cortex_m.c.obj (.stack)
                  2000fe04    000001fc     --HOLE--

__llvm_prf_cnts 
*          0    20000000    00000000     UNINITIALIZED

MODULE SUMMARY

       Module                        code   ro data   rw data
       ------                        ----   -------   -------
    .\
       dma_ti82.obj                  1210   2         6488   
       uart_ti82.obj                 952    0         2892   
       fungen.obj                    1228   0         2072   
       ports.obj                     1052   0         0      
       i2c_ti82.obj                  752    0         48     
       multimeter.obj                584    3         70     
       timers.obj                    388    0         8      
       interrupts.obj                356    0         0      
       main.obj                      346    0         0      
       logizer.obj                   260    0         12     
       system_msp432p401r.obj        120    0         0      
       adc.obj                       70     0         0      
    +--+-----------------------------+------+---------+---------+
       Total:                        7318   5         11590  
                                                             
    .\ccs\
       startup_msp432p401r_ccs.obj   14     228       0      
    +--+-----------------------------+------+---------+---------+
       Total:                        14     228       0      
                                                             
    C:/ti/simplelink_msp432p4_sdk_3_40_01_02/source/ti/devices/msp432p4xx/driverlib/ccs/msp432p4xx_driverlib.lib
       dma.o                         808    0         0      
       uart.o                        28     0         0      
    +--+-----------------------------+------+---------+---------+
       Total:                        836    0         0      
                                                             
    C:\ti\ccs1040\ccs\tools\compiler\ti-cgt-arm_20.2.5.LTS\lib\rtsv7M4_T_le_v4SPD16_eabi.lib
       fd_mul_t2.asm.obj             252    0         0      
       memcpy_t2.asm.obj             156    0         0      
       memset_t2.asm.obj             122    0         0      
       fd_tos_t2.asm.obj             110    0         0      
       copy_decompress_lzss.c.obj    104    0         0      
       autoinit.c.obj                68     0         0      
       boot_cortex_m.c.obj           52     0         0      
       u_tofd_t2.asm.obj             32     0         0      
       copy_decompress_none.c.obj    14     0         0      
       copy_zero_init.c.obj          12     0         0      
       exit.c.obj                    4      0         0      
       pre_init.c.obj                4      0         0      
    +--+-----------------------------+------+---------+---------+
       Total:                        930    0         0      
                                                             
       Stack:                        0      0         1024   
       Linker Generated:             0      664       0      
    +--+-----------------------------+------+---------+---------+
       Grand Total:                  9098   897       12614  


LINKER GENERATED COPY TABLES

__TI_cinit_table @ 00002700 records: 2, size/record: 8, table size: 16
	.data: load addr=00002478, load size=00000274 bytes, run addr=20001240, run size=00000466 bytes, compression=lzss
	.bss: load addr=000026f8, load size=00000008 bytes, run addr=20000000, run size=0000123e bytes, compression=zero_init


LINKER GENERATED HANDLER TABLE

__TI_handler_table @ 000026ec records: 3, size/record: 4, table size: 12
	index: 0, handler: __TI_decompress_lzss
	index: 1, handler: __TI_decompress_none
	index: 2, handler: __TI_zero_init


GLOBAL SYMBOLS: SORTED ALPHABETICALLY BY Name 

address   name                               
-------   ----                               
200016a0  A0_CCR2_flag                       
00000967  ADC14_IRQHandler                   
00000967  ADC14_IRQHandler                   
00001d47  AES256_IRQHandler                  
00001d47  BusFault_Handler                   
00002469  C$$EXIT                            
00001d47  COMP_E0_IRQHandler                 
00001d47  COMP_E1_IRQHandler                 
00001d47  CS_IRQHandler                      
00001f85  Calibrate_Multimeter               
00002371  Check_Command                      
0000231d  Clear_Command                      
00002091  Configure_Multimeter               
00001d47  DMA_ERR_IRQHandler                 
00000ce1  DMA_INT0_IRQHandler                
00000ce1  DMA_INT0_IRQHandler                
000023d1  DMA_INT1_IRQHandler                
000023d1  DMA_INT1_IRQHandler                
000023e5  DMA_INT2_IRQHandler                
000023e5  DMA_INT2_IRQHandler                
000018d7  DMA_INT3_IRQHandler                
000018d7  DMA_INT3_IRQHandler                
00000455  DMA_assignChannel                  
00002339  DMA_clearInterruptFlag             
00002435  DMA_getInterruptStatus             
00000ff1  DMA_setChannelTransfer             
00001d47  DebugMon_Handler                   
00001d47  Default_Handler                    
00001a41  Dma_Ch2_ADC_Ch6_Get_Data           
00001ab1  Dma_Ch3_ADC_Ch8_Get_Data           
00001e55  Dma_Ch4_Uart2_Send_String          
00001b21  Dma_Ch5_RX2_Ready                  
0000128d  EUSCIA0_IRQHandler                 
0000128d  EUSCIA0_IRQHandler                 
00001d47  EUSCIA1_IRQHandler                 
00001405  EUSCIA2_IRQHandler                 
00001405  EUSCIA2_IRQHandler                 
00001d47  EUSCIA3_IRQHandler                 
00001d47  EUSCIB0_IRQHandler                 
00000969  EUSCIB1_IRQHandler                 
00000969  EUSCIB1_IRQHandler                 
00001d47  EUSCIB2_IRQHandler                 
00001d47  EUSCIB3_IRQHandler                 
00001d47  FLCTL_IRQHandler                   
00001d47  FPU_IRQHandler                     
000016ad  FunGen_Process                     
00002355  Get_Command_Value                  
00001d47  HardFault_Handler                  
00000bc9  I2C1_TX_RX                         
00001fc9  Init_ADC                           
00002051  Init_DMA                           
00002135  Init_DMA_CH0                       
000018d9  Init_DMA_CH2                       
00001951  Init_DMA_CH3                       
00002225  Init_DMA_CH4                       
00001dad  Init_DMA_CH5                       
00001e01  Init_FunGen                        
000017d5  Init_I2C                           
00001745  Init_Interrupts                    
00000665  Init_Port_1                        
000010e1  Init_Port_2                        
00001b91  Init_Port_3                        
000020cd  Init_Port_4                        
000011c9  Init_Port_5                        
00002433  Init_Port_6                        
0000246d  Init_Port_7                        
0000227d  Init_Ports                         
00001ef5  Init_TimerA0                       
00002165  Init_TimerA1                       
00001349  Init_UART0                         
000014b9  Init_UART2                         
00002441  Is_I2C_Ready                       
200016a4  LA_blob                            
2000169e  LA_len                             
00001d47  MemManage_Handler                  
00000aad  Multimeter_Process                 
00001d47  NMI_Handler                        
00001d47  PCM_IRQHandler                     
00002251  PORT1_IRQHandler                   
00002251  PORT1_IRQHandler                   
00001d47  PORT2_IRQHandler                   
00001d47  PORT3_IRQHandler                   
00001d47  PORT4_IRQHandler                   
00001d47  PORT5_IRQHandler                   
00001d47  PORT6_IRQHandler                   
00001d47  PSS_IRQHandler                     
00001d47  PendSV_Handler                     
00001d47  RTC_C_IRQHandler                   
00001c01  RX2_Command                        
00001565  Read_Multimeter_Value              
0000244d  Reset_Handler                      
00001d47  SVC_Handler                        
0000229d  Set_Active_Amp                     
000022bd  Set_Active_Bias                    
00002389  Set_Active_Channel                 
000023a1  Set_Active_Type                    
000022dd  Set_Command_Value                  
000023b9  Set_Timer_Frequency                
00001d47  SysTick_Handler                    
000019c9  SystemInit                         
00001d47  T32_INT1_IRQHandler                
00001d47  T32_INT2_IRQHandler                
00001d47  T32_INTC_IRQHandler                
00002195  TA0_0_IRQHandler                   
00002195  TA0_0_IRQHandler                   
00001d49  TA0_N_IRQHandler                   
00001d49  TA0_N_IRQHandler                   
000023f9  TA1_0_IRQHandler                   
000023f9  TA1_0_IRQHandler                   
00001d47  TA1_N_IRQHandler                   
00001d47  TA2_0_IRQHandler                   
00001d47  TA2_N_IRQHandler                   
00001d47  TA3_0_IRQHandler                   
00001d47  TA3_N_IRQHandler                   
00002409  UART_getReceiveBufferAddressForDMA 
00002417  UART_getTransmitBufferAddressForDMA
00000df1  UpdateLA                           
000000e5  Update_Signal_Array                
00001d47  UsageFault_Handler                 
4000480c  WDTCTL_SYM                         
00001d47  WDT_A_IRQHandler                   
20010000  __STACK_END                        
00000200  __STACK_SIZE                       
00002700  __TI_CINIT_Base                    
00002710  __TI_CINIT_Limit                   
000026ec  __TI_Handler_Table_Base            
000026f8  __TI_Handler_Table_Limit           
0000200d  __TI_auto_init_nobinit_nopinit     
00001cdf  __TI_decompress_lzss               
00002425  __TI_decompress_none               
ffffffff  __TI_pprof_out_hndl                
ffffffff  __TI_prof_data_size                
ffffffff  __TI_prof_data_start               
00000000  __TI_static_base__                 
00002459  __TI_zero_init                     
00001c71  __aeabi_d2f                        
00000ef5  __aeabi_dmul                       
0000185d  __aeabi_memclr                     
0000185d  __aeabi_memclr4                    
0000185d  __aeabi_memclr8                    
00001611  __aeabi_memcpy                     
00001611  __aeabi_memcpy4                    
00001611  __aeabi_memcpy8                    
0000185f  __aeabi_memset                     
0000185f  __aeabi_memset4                    
0000185f  __aeabi_memset8                    
000022fd  __aeabi_ui2d                       
ffffffff  __binit__                          
ffffffff  __c_args__                         
UNDEFED   __mpu_init                         
2000fe00  __stack                            
20000000  __start___llvm_prf_cnts            
20000000  __stop___llvm_prf_cnts             
00002101  _c_int00_noargs                    
UNDEFED   _system_post_cinit                 
00002465  _system_pre_init                   
00002469  abort                              
2000167a  active_amp                         
2000167e  active_bias                        
20001680  active_channel                     
2000167c  active_freq                        
20001240  active_signal                      
20001678  active_type                        
20001648  adc6_active_buffer                 
20000000  adc6_array_1                       
20001644  adc6_busy_1                        
20001650  adc8_active_buffer                 
20000400  adc8_array_1                       
2000164c  adc8_busy_1                        
ffffffff  binit                              
20000d90  command_buffer                     
20001642  command_buffer_index               
20001643  command_buffer_read                
200011b8  command_flag                       
20000c00  command_value                      
20000800  controlTable                       
20000e28  data_buffer                        
2000168c  data_index                         
20001640  dma_ch0_uart0_busy                 
20001641  dma_ch4_uart2_busy                 
20001694  dmm_blob                           
2000168a  dmm_len                            
20001684  dmm_state                          
20001688  dmm_value_select                   
20001654  dmm_values                         
20001682  fun_index                          
20001674  i2c_data                           
20001671  i2c_read                           
20001672  i2c_read_count                     
2000121c  i2c_tx                             
20001668  i2c_tx_index                       
2000166c  i2c_tx_len                         
20001670  i2c_tx_ready                       
00000000  interruptVectors                   
2000169c  logicChar                          
0000080d  main                               
00001611  memcpy                             
00001865  memset                             
00001ea5  msDelay                            
20001690  rx1_index                          
20000ec0  rx1_process                        
20000f58  rx1_ring_buffer                    
20001224  rx1_ring_read                      
20001228  rx1_ring_write                     
20000ff0  rx2_ring_buffer                    
2000122c  rx2_ring_read                      
20001230  rx2_ring_write                     
20001340  saw_template                       
20001440  sine_template                      
20001540  square_template                    
200016a2  timer_freq                         
2000123c  tx1_done                           
20001234  tx1_index                          
20001088  tx1_process                        
2000123d  tx2_done                           
20001238  tx2_index                          
20001120  tx2_process                        


GLOBAL SYMBOLS: SORTED BY Symbol Address 

address   name                               
-------   ----                               
00000000  __TI_static_base__                 
00000000  interruptVectors                   
000000e5  Update_Signal_Array                
00000200  __STACK_SIZE                       
00000455  DMA_assignChannel                  
00000665  Init_Port_1                        
0000080d  main                               
00000967  ADC14_IRQHandler                   
00000967  ADC14_IRQHandler                   
00000969  EUSCIB1_IRQHandler                 
00000969  EUSCIB1_IRQHandler                 
00000aad  Multimeter_Process                 
00000bc9  I2C1_TX_RX                         
00000ce1  DMA_INT0_IRQHandler                
00000ce1  DMA_INT0_IRQHandler                
00000df1  UpdateLA                           
00000ef5  __aeabi_dmul                       
00000ff1  DMA_setChannelTransfer             
000010e1  Init_Port_2                        
000011c9  Init_Port_5                        
0000128d  EUSCIA0_IRQHandler                 
0000128d  EUSCIA0_IRQHandler                 
00001349  Init_UART0                         
00001405  EUSCIA2_IRQHandler                 
00001405  EUSCIA2_IRQHandler                 
000014b9  Init_UART2                         
00001565  Read_Multimeter_Value              
00001611  __aeabi_memcpy                     
00001611  __aeabi_memcpy4                    
00001611  __aeabi_memcpy8                    
00001611  memcpy                             
000016ad  FunGen_Process                     
00001745  Init_Interrupts                    
000017d5  Init_I2C                           
0000185d  __aeabi_memclr                     
0000185d  __aeabi_memclr4                    
0000185d  __aeabi_memclr8                    
0000185f  __aeabi_memset                     
0000185f  __aeabi_memset4                    
0000185f  __aeabi_memset8                    
00001865  memset                             
000018d7  DMA_INT3_IRQHandler                
000018d7  DMA_INT3_IRQHandler                
000018d9  Init_DMA_CH2                       
00001951  Init_DMA_CH3                       
000019c9  SystemInit                         
00001a41  Dma_Ch2_ADC_Ch6_Get_Data           
00001ab1  Dma_Ch3_ADC_Ch8_Get_Data           
00001b21  Dma_Ch5_RX2_Ready                  
00001b91  Init_Port_3                        
00001c01  RX2_Command                        
00001c71  __aeabi_d2f                        
00001cdf  __TI_decompress_lzss               
00001d47  AES256_IRQHandler                  
00001d47  BusFault_Handler                   
00001d47  COMP_E0_IRQHandler                 
00001d47  COMP_E1_IRQHandler                 
00001d47  CS_IRQHandler                      
00001d47  DMA_ERR_IRQHandler                 
00001d47  DebugMon_Handler                   
00001d47  Default_Handler                    
00001d47  EUSCIA1_IRQHandler                 
00001d47  EUSCIA3_IRQHandler                 
00001d47  EUSCIB0_IRQHandler                 
00001d47  EUSCIB2_IRQHandler                 
00001d47  EUSCIB3_IRQHandler                 
00001d47  FLCTL_IRQHandler                   
00001d47  FPU_IRQHandler                     
00001d47  HardFault_Handler                  
00001d47  MemManage_Handler                  
00001d47  NMI_Handler                        
00001d47  PCM_IRQHandler                     
00001d47  PORT2_IRQHandler                   
00001d47  PORT3_IRQHandler                   
00001d47  PORT4_IRQHandler                   
00001d47  PORT5_IRQHandler                   
00001d47  PORT6_IRQHandler                   
00001d47  PSS_IRQHandler                     
00001d47  PendSV_Handler                     
00001d47  RTC_C_IRQHandler                   
00001d47  SVC_Handler                        
00001d47  SysTick_Handler                    
00001d47  T32_INT1_IRQHandler                
00001d47  T32_INT2_IRQHandler                
00001d47  T32_INTC_IRQHandler                
00001d47  TA1_N_IRQHandler                   
00001d47  TA2_0_IRQHandler                   
00001d47  TA2_N_IRQHandler                   
00001d47  TA3_0_IRQHandler                   
00001d47  TA3_N_IRQHandler                   
00001d47  UsageFault_Handler                 
00001d47  WDT_A_IRQHandler                   
00001d49  TA0_N_IRQHandler                   
00001d49  TA0_N_IRQHandler                   
00001dad  Init_DMA_CH5                       
00001e01  Init_FunGen                        
00001e55  Dma_Ch4_Uart2_Send_String          
00001ea5  msDelay                            
00001ef5  Init_TimerA0                       
00001f85  Calibrate_Multimeter               
00001fc9  Init_ADC                           
0000200d  __TI_auto_init_nobinit_nopinit     
00002051  Init_DMA                           
00002091  Configure_Multimeter               
000020cd  Init_Port_4                        
00002101  _c_int00_noargs                    
00002135  Init_DMA_CH0                       
00002165  Init_TimerA1                       
00002195  TA0_0_IRQHandler                   
00002195  TA0_0_IRQHandler                   
00002225  Init_DMA_CH4                       
00002251  PORT1_IRQHandler                   
00002251  PORT1_IRQHandler                   
0000227d  Init_Ports                         
0000229d  Set_Active_Amp                     
000022bd  Set_Active_Bias                    
000022dd  Set_Command_Value                  
000022fd  __aeabi_ui2d                       
0000231d  Clear_Command                      
00002339  DMA_clearInterruptFlag             
00002355  Get_Command_Value                  
00002371  Check_Command                      
00002389  Set_Active_Channel                 
000023a1  Set_Active_Type                    
000023b9  Set_Timer_Frequency                
000023d1  DMA_INT1_IRQHandler                
000023d1  DMA_INT1_IRQHandler                
000023e5  DMA_INT2_IRQHandler                
000023e5  DMA_INT2_IRQHandler                
000023f9  TA1_0_IRQHandler                   
000023f9  TA1_0_IRQHandler                   
00002409  UART_getReceiveBufferAddressForDMA 
00002417  UART_getTransmitBufferAddressForDMA
00002425  __TI_decompress_none               
00002433  Init_Port_6                        
00002435  DMA_getInterruptStatus             
00002441  Is_I2C_Ready                       
0000244d  Reset_Handler                      
00002459  __TI_zero_init                     
00002465  _system_pre_init                   
00002469  C$$EXIT                            
00002469  abort                              
0000246d  Init_Port_7                        
000026ec  __TI_Handler_Table_Base            
000026f8  __TI_Handler_Table_Limit           
00002700  __TI_CINIT_Base                    
00002710  __TI_CINIT_Limit                   
20000000  __start___llvm_prf_cnts            
20000000  __stop___llvm_prf_cnts             
20000000  adc6_array_1                       
20000400  adc8_array_1                       
20000800  controlTable                       
20000c00  command_value                      
20000d90  command_buffer                     
20000e28  data_buffer                        
20000ec0  rx1_process                        
20000f58  rx1_ring_buffer                    
20000ff0  rx2_ring_buffer                    
20001088  tx1_process                        
20001120  tx2_process                        
200011b8  command_flag                       
2000121c  i2c_tx                             
20001224  rx1_ring_read                      
20001228  rx1_ring_write                     
2000122c  rx2_ring_read                      
20001230  rx2_ring_write                     
20001234  tx1_index                          
20001238  tx2_index                          
2000123c  tx1_done                           
2000123d  tx2_done                           
20001240  active_signal                      
20001340  saw_template                       
20001440  sine_template                      
20001540  square_template                    
20001640  dma_ch0_uart0_busy                 
20001641  dma_ch4_uart2_busy                 
20001642  command_buffer_index               
20001643  command_buffer_read                
20001644  adc6_busy_1                        
20001648  adc6_active_buffer                 
2000164c  adc8_busy_1                        
20001650  adc8_active_buffer                 
20001654  dmm_values                         
20001668  i2c_tx_index                       
2000166c  i2c_tx_len                         
20001670  i2c_tx_ready                       
20001671  i2c_read                           
20001672  i2c_read_count                     
20001674  i2c_data                           
20001678  active_type                        
2000167a  active_amp                         
2000167c  active_freq                        
2000167e  active_bias                        
20001680  active_channel                     
20001682  fun_index                          
20001684  dmm_state                          
20001688  dmm_value_select                   
2000168a  dmm_len                            
2000168c  data_index                         
20001690  rx1_index                          
20001694  dmm_blob                           
2000169c  logicChar                          
2000169e  LA_len                             
200016a0  A0_CCR2_flag                       
200016a2  timer_freq                         
200016a4  LA_blob                            
2000fe00  __stack                            
20010000  __STACK_END                        
4000480c  WDTCTL_SYM                         
ffffffff  __TI_pprof_out_hndl                
ffffffff  __TI_prof_data_size                
ffffffff  __TI_prof_data_start               
ffffffff  __binit__                          
ffffffff  __c_args__                         
ffffffff  binit                              
UNDEFED   __mpu_init                         
UNDEFED   _system_post_cinit                 

[217 symbols]
